<testsuites id="" name="" tests="80" failures="79" skipped="0" errors="0" time="151.69502799999998">
<testsuite name="enhanced-patient-workspace-orders.test.ts" timestamp="2025-10-18T13:47:43.230Z" hostname="chromium" tests="10" failures="10" skipped="0" time="136.446" errors="0">
<testcase name="Enhanced Patient Workspace Orders Tab - Button Testing › Test Prescription Action Buttons" classname="enhanced-patient-workspace-orders.test.ts" time="14.401">
<failure message="enhanced-patient-workspace-orders.test.ts:15:3 Test Prescription Action Buttons" type="FAILURE">
<![CDATA[  [chromium] › enhanced-patient-workspace-orders.test.ts:15:3 › Enhanced Patient Workspace Orders Tab - Button Testing › Test Prescription Action Buttons 

    TimeoutError: page.waitForSelector: Timeout 10000ms exceeded.
    Call log:
      - waiting for locator('[data-testid="orders-tab"], .tabs-content, [role="tabpanel"]') to be visible


      10 |     
      11 |     // Wait for the orders tab to be visible
    > 12 |     await page.waitForSelector('[data-testid="orders-tab"], .tabs-content, [role="tabpanel"]', { timeout: 10000 });
         |                ^
      13 |   });
      14 |
      15 |   test('Test Prescription Action Buttons', async ({ page }) => {
        at /Users/lacbis/Med flow/medi-flow-b920c902/src/tests/e2e/enhanced-patient-workspace-orders.test.ts:12:16

    attachment #1: screenshot (image/png) ──────────────────────────────────────────────────────────
    ../../../test-results/enhanced-patient-workspace-20c82-Prescription-Action-Buttons-chromium/test-failed-1.png
    ────────────────────────────────────────────────────────────────────────────────────────────────

    attachment #2: video (video/webm) ──────────────────────────────────────────────────────────────
    ../../../test-results/enhanced-patient-workspace-20c82-Prescription-Action-Buttons-chromium/video.webm
    ────────────────────────────────────────────────────────────────────────────────────────────────

    Error Context: ../../../test-results/enhanced-patient-workspace-20c82-Prescription-Action-Buttons-chromium/error-context.md
]]>
</failure>
<system-out>
<![CDATA[
[[ATTACHMENT|test-results/enhanced-patient-workspace-20c82-Prescription-Action-Buttons-chromium/test-failed-1.png]]

[[ATTACHMENT|test-results/enhanced-patient-workspace-20c82-Prescription-Action-Buttons-chromium/video.webm]]

[[ATTACHMENT|test-results/enhanced-patient-workspace-20c82-Prescription-Action-Buttons-chromium/error-context.md]]
]]>
</system-out>
</testcase>
<testcase name="Enhanced Patient Workspace Orders Tab - Button Testing › Test Lab Order Action Buttons" classname="enhanced-patient-workspace-orders.test.ts" time="14.395">
<failure message="enhanced-patient-workspace-orders.test.ts:50:3 Test Lab Order Action Buttons" type="FAILURE">
<![CDATA[  [chromium] › enhanced-patient-workspace-orders.test.ts:50:3 › Enhanced Patient Workspace Orders Tab - Button Testing › Test Lab Order Action Buttons 

    TimeoutError: page.waitForSelector: Timeout 10000ms exceeded.
    Call log:
      - waiting for locator('[data-testid="orders-tab"], .tabs-content, [role="tabpanel"]') to be visible


      10 |     
      11 |     // Wait for the orders tab to be visible
    > 12 |     await page.waitForSelector('[data-testid="orders-tab"], .tabs-content, [role="tabpanel"]', { timeout: 10000 });
         |                ^
      13 |   });
      14 |
      15 |   test('Test Prescription Action Buttons', async ({ page }) => {
        at /Users/lacbis/Med flow/medi-flow-b920c902/src/tests/e2e/enhanced-patient-workspace-orders.test.ts:12:16

    attachment #1: screenshot (image/png) ──────────────────────────────────────────────────────────
    ../../../test-results/enhanced-patient-workspace-95f2c-st-Lab-Order-Action-Buttons-chromium/test-failed-1.png
    ────────────────────────────────────────────────────────────────────────────────────────────────

    attachment #2: video (video/webm) ──────────────────────────────────────────────────────────────
    ../../../test-results/enhanced-patient-workspace-95f2c-st-Lab-Order-Action-Buttons-chromium/video.webm
    ────────────────────────────────────────────────────────────────────────────────────────────────

    Error Context: ../../../test-results/enhanced-patient-workspace-95f2c-st-Lab-Order-Action-Buttons-chromium/error-context.md
]]>
</failure>
<system-out>
<![CDATA[
[[ATTACHMENT|test-results/enhanced-patient-workspace-95f2c-st-Lab-Order-Action-Buttons-chromium/test-failed-1.png]]

[[ATTACHMENT|test-results/enhanced-patient-workspace-95f2c-st-Lab-Order-Action-Buttons-chromium/video.webm]]

[[ATTACHMENT|test-results/enhanced-patient-workspace-95f2c-st-Lab-Order-Action-Buttons-chromium/error-context.md]]
]]>
</system-out>
</testcase>
<testcase name="Enhanced Patient Workspace Orders Tab - Button Testing › Test Workspace Navigation Buttons" classname="enhanced-patient-workspace-orders.test.ts" time="14.404">
<failure message="enhanced-patient-workspace-orders.test.ts:83:3 Test Workspace Navigation Buttons" type="FAILURE">
<![CDATA[  [chromium] › enhanced-patient-workspace-orders.test.ts:83:3 › Enhanced Patient Workspace Orders Tab - Button Testing › Test Workspace Navigation Buttons 

    TimeoutError: page.waitForSelector: Timeout 10000ms exceeded.
    Call log:
      - waiting for locator('[data-testid="orders-tab"], .tabs-content, [role="tabpanel"]') to be visible


      10 |     
      11 |     // Wait for the orders tab to be visible
    > 12 |     await page.waitForSelector('[data-testid="orders-tab"], .tabs-content, [role="tabpanel"]', { timeout: 10000 });
         |                ^
      13 |   });
      14 |
      15 |   test('Test Prescription Action Buttons', async ({ page }) => {
        at /Users/lacbis/Med flow/medi-flow-b920c902/src/tests/e2e/enhanced-patient-workspace-orders.test.ts:12:16

    attachment #1: screenshot (image/png) ──────────────────────────────────────────────────────────
    ../../../test-results/enhanced-patient-workspace-f7824-orkspace-Navigation-Buttons-chromium/test-failed-1.png
    ────────────────────────────────────────────────────────────────────────────────────────────────

    attachment #2: video (video/webm) ──────────────────────────────────────────────────────────────
    ../../../test-results/enhanced-patient-workspace-f7824-orkspace-Navigation-Buttons-chromium/video.webm
    ────────────────────────────────────────────────────────────────────────────────────────────────

    Error Context: ../../../test-results/enhanced-patient-workspace-f7824-orkspace-Navigation-Buttons-chromium/error-context.md
]]>
</failure>
<system-out>
<![CDATA[
[[ATTACHMENT|test-results/enhanced-patient-workspace-f7824-orkspace-Navigation-Buttons-chromium/test-failed-1.png]]

[[ATTACHMENT|test-results/enhanced-patient-workspace-f7824-orkspace-Navigation-Buttons-chromium/video.webm]]

[[ATTACHMENT|test-results/enhanced-patient-workspace-f7824-orkspace-Navigation-Buttons-chromium/error-context.md]]
]]>
</system-out>
</testcase>
<testcase name="Enhanced Patient Workspace Orders Tab - Button Testing › Test Quick Action Buttons" classname="enhanced-patient-workspace-orders.test.ts" time="14.417">
<failure message="enhanced-patient-workspace-orders.test.ts:102:3 Test Quick Action Buttons" type="FAILURE">
<![CDATA[  [chromium] › enhanced-patient-workspace-orders.test.ts:102:3 › Enhanced Patient Workspace Orders Tab - Button Testing › Test Quick Action Buttons 

    TimeoutError: page.waitForSelector: Timeout 10000ms exceeded.
    Call log:
      - waiting for locator('[data-testid="orders-tab"], .tabs-content, [role="tabpanel"]') to be visible


      10 |     
      11 |     // Wait for the orders tab to be visible
    > 12 |     await page.waitForSelector('[data-testid="orders-tab"], .tabs-content, [role="tabpanel"]', { timeout: 10000 });
         |                ^
      13 |   });
      14 |
      15 |   test('Test Prescription Action Buttons', async ({ page }) => {
        at /Users/lacbis/Med flow/medi-flow-b920c902/src/tests/e2e/enhanced-patient-workspace-orders.test.ts:12:16

    attachment #1: screenshot (image/png) ──────────────────────────────────────────────────────────
    ../../../test-results/enhanced-patient-workspace-f48f8-g-Test-Quick-Action-Buttons-chromium/test-failed-1.png
    ────────────────────────────────────────────────────────────────────────────────────────────────

    attachment #2: video (video/webm) ──────────────────────────────────────────────────────────────
    ../../../test-results/enhanced-patient-workspace-f48f8-g-Test-Quick-Action-Buttons-chromium/video.webm
    ────────────────────────────────────────────────────────────────────────────────────────────────

    Error Context: ../../../test-results/enhanced-patient-workspace-f48f8-g-Test-Quick-Action-Buttons-chromium/error-context.md
]]>
</failure>
<system-out>
<![CDATA[
[[ATTACHMENT|test-results/enhanced-patient-workspace-f48f8-g-Test-Quick-Action-Buttons-chromium/test-failed-1.png]]

[[ATTACHMENT|test-results/enhanced-patient-workspace-f48f8-g-Test-Quick-Action-Buttons-chromium/video.webm]]

[[ATTACHMENT|test-results/enhanced-patient-workspace-f48f8-g-Test-Quick-Action-Buttons-chromium/error-context.md]]
]]>
</system-out>
</testcase>
<testcase name="Enhanced Patient Workspace Orders Tab - Button Testing › Test Patient Summary Action Buttons" classname="enhanced-patient-workspace-orders.test.ts" time="14.682">
<failure message="enhanced-patient-workspace-orders.test.ts:125:3 Test Patient Summary Action Buttons" type="FAILURE">
<![CDATA[  [chromium] › enhanced-patient-workspace-orders.test.ts:125:3 › Enhanced Patient Workspace Orders Tab - Button Testing › Test Patient Summary Action Buttons 

    TimeoutError: page.waitForSelector: Timeout 10000ms exceeded.
    Call log:
      - waiting for locator('[data-testid="orders-tab"], .tabs-content, [role="tabpanel"]') to be visible


      10 |     
      11 |     // Wait for the orders tab to be visible
    > 12 |     await page.waitForSelector('[data-testid="orders-tab"], .tabs-content, [role="tabpanel"]', { timeout: 10000 });
         |                ^
      13 |   });
      14 |
      15 |   test('Test Prescription Action Buttons', async ({ page }) => {
        at /Users/lacbis/Med flow/medi-flow-b920c902/src/tests/e2e/enhanced-patient-workspace-orders.test.ts:12:16

    attachment #1: screenshot (image/png) ──────────────────────────────────────────────────────────
    ../../../test-results/enhanced-patient-workspace-af0f7-ient-Summary-Action-Buttons-chromium/test-failed-1.png
    ────────────────────────────────────────────────────────────────────────────────────────────────

    attachment #2: video (video/webm) ──────────────────────────────────────────────────────────────
    ../../../test-results/enhanced-patient-workspace-af0f7-ient-Summary-Action-Buttons-chromium/video.webm
    ────────────────────────────────────────────────────────────────────────────────────────────────

    Error Context: ../../../test-results/enhanced-patient-workspace-af0f7-ient-Summary-Action-Buttons-chromium/error-context.md
]]>
</failure>
<system-out>
<![CDATA[
[[ATTACHMENT|test-results/enhanced-patient-workspace-af0f7-ient-Summary-Action-Buttons-chromium/test-failed-1.png]]

[[ATTACHMENT|test-results/enhanced-patient-workspace-af0f7-ient-Summary-Action-Buttons-chromium/video.webm]]

[[ATTACHMENT|test-results/enhanced-patient-workspace-af0f7-ient-Summary-Action-Buttons-chromium/error-context.md]]
]]>
</system-out>
</testcase>
<testcase name="Enhanced Patient Workspace Orders Tab - Button Testing › Test Add New Buttons" classname="enhanced-patient-workspace-orders.test.ts" time="14.429">
<failure message="enhanced-patient-workspace-orders.test.ts:142:3 Test Add New Buttons" type="FAILURE">
<![CDATA[  [chromium] › enhanced-patient-workspace-orders.test.ts:142:3 › Enhanced Patient Workspace Orders Tab - Button Testing › Test Add New Buttons 

    TimeoutError: page.waitForSelector: Timeout 10000ms exceeded.
    Call log:
      - waiting for locator('[data-testid="orders-tab"], .tabs-content, [role="tabpanel"]') to be visible


      10 |     
      11 |     // Wait for the orders tab to be visible
    > 12 |     await page.waitForSelector('[data-testid="orders-tab"], .tabs-content, [role="tabpanel"]', { timeout: 10000 });
         |                ^
      13 |   });
      14 |
      15 |   test('Test Prescription Action Buttons', async ({ page }) => {
        at /Users/lacbis/Med flow/medi-flow-b920c902/src/tests/e2e/enhanced-patient-workspace-orders.test.ts:12:16

    attachment #1: screenshot (image/png) ──────────────────────────────────────────────────────────
    ../../../test-results/enhanced-patient-workspace-5d15e-esting-Test-Add-New-Buttons-chromium/test-failed-1.png
    ────────────────────────────────────────────────────────────────────────────────────────────────

    attachment #2: video (video/webm) ──────────────────────────────────────────────────────────────
    ../../../test-results/enhanced-patient-workspace-5d15e-esting-Test-Add-New-Buttons-chromium/video.webm
    ────────────────────────────────────────────────────────────────────────────────────────────────

    Error Context: ../../../test-results/enhanced-patient-workspace-5d15e-esting-Test-Add-New-Buttons-chromium/error-context.md
]]>
</failure>
<system-out>
<![CDATA[
[[ATTACHMENT|test-results/enhanced-patient-workspace-5d15e-esting-Test-Add-New-Buttons-chromium/test-failed-1.png]]

[[ATTACHMENT|test-results/enhanced-patient-workspace-5d15e-esting-Test-Add-New-Buttons-chromium/video.webm]]

[[ATTACHMENT|test-results/enhanced-patient-workspace-5d15e-esting-Test-Add-New-Buttons-chromium/error-context.md]]
]]>
</system-out>
</testcase>
<testcase name="Enhanced Patient Workspace Orders Tab - Button Testing › Test View Toggle Buttons" classname="enhanced-patient-workspace-orders.test.ts" time="12.505">
<failure message="enhanced-patient-workspace-orders.test.ts:160:3 Test View Toggle Buttons" type="FAILURE">
<![CDATA[  [chromium] › enhanced-patient-workspace-orders.test.ts:160:3 › Enhanced Patient Workspace Orders Tab - Button Testing › Test View Toggle Buttons 

    TimeoutError: page.waitForSelector: Timeout 10000ms exceeded.
    Call log:
      - waiting for locator('[data-testid="orders-tab"], .tabs-content, [role="tabpanel"]') to be visible


      10 |     
      11 |     // Wait for the orders tab to be visible
    > 12 |     await page.waitForSelector('[data-testid="orders-tab"], .tabs-content, [role="tabpanel"]', { timeout: 10000 });
         |                ^
      13 |   });
      14 |
      15 |   test('Test Prescription Action Buttons', async ({ page }) => {
        at /Users/lacbis/Med flow/medi-flow-b920c902/src/tests/e2e/enhanced-patient-workspace-orders.test.ts:12:16

    attachment #1: screenshot (image/png) ──────────────────────────────────────────────────────────
    ../../../test-results/enhanced-patient-workspace-64b12-ng-Test-View-Toggle-Buttons-chromium/test-failed-1.png
    ────────────────────────────────────────────────────────────────────────────────────────────────

    attachment #2: video (video/webm) ──────────────────────────────────────────────────────────────
    ../../../test-results/enhanced-patient-workspace-64b12-ng-Test-View-Toggle-Buttons-chromium/video.webm
    ────────────────────────────────────────────────────────────────────────────────────────────────

    Error Context: ../../../test-results/enhanced-patient-workspace-64b12-ng-Test-View-Toggle-Buttons-chromium/error-context.md
]]>
</failure>
<system-out>
<![CDATA[
[[ATTACHMENT|test-results/enhanced-patient-workspace-64b12-ng-Test-View-Toggle-Buttons-chromium/test-failed-1.png]]

[[ATTACHMENT|test-results/enhanced-patient-workspace-64b12-ng-Test-View-Toggle-Buttons-chromium/video.webm]]

[[ATTACHMENT|test-results/enhanced-patient-workspace-64b12-ng-Test-View-Toggle-Buttons-chromium/error-context.md]]
]]>
</system-out>
</testcase>
<testcase name="Enhanced Patient Workspace Orders Tab - Button Testing › Test Status Filter Buttons" classname="enhanced-patient-workspace-orders.test.ts" time="12.226">
<failure message="enhanced-patient-workspace-orders.test.ts:169:3 Test Status Filter Buttons" type="FAILURE">
<![CDATA[  [chromium] › enhanced-patient-workspace-orders.test.ts:169:3 › Enhanced Patient Workspace Orders Tab - Button Testing › Test Status Filter Buttons 

    TimeoutError: page.waitForSelector: Timeout 10000ms exceeded.
    Call log:
      - waiting for locator('[data-testid="orders-tab"], .tabs-content, [role="tabpanel"]') to be visible


      10 |     
      11 |     // Wait for the orders tab to be visible
    > 12 |     await page.waitForSelector('[data-testid="orders-tab"], .tabs-content, [role="tabpanel"]', { timeout: 10000 });
         |                ^
      13 |   });
      14 |
      15 |   test('Test Prescription Action Buttons', async ({ page }) => {
        at /Users/lacbis/Med flow/medi-flow-b920c902/src/tests/e2e/enhanced-patient-workspace-orders.test.ts:12:16

    attachment #1: screenshot (image/png) ──────────────────────────────────────────────────────────
    ../../../test-results/enhanced-patient-workspace-cde49--Test-Status-Filter-Buttons-chromium/test-failed-1.png
    ────────────────────────────────────────────────────────────────────────────────────────────────

    attachment #2: video (video/webm) ──────────────────────────────────────────────────────────────
    ../../../test-results/enhanced-patient-workspace-cde49--Test-Status-Filter-Buttons-chromium/video.webm
    ────────────────────────────────────────────────────────────────────────────────────────────────

    Error Context: ../../../test-results/enhanced-patient-workspace-cde49--Test-Status-Filter-Buttons-chromium/error-context.md
]]>
</failure>
<system-out>
<![CDATA[
[[ATTACHMENT|test-results/enhanced-patient-workspace-cde49--Test-Status-Filter-Buttons-chromium/test-failed-1.png]]

[[ATTACHMENT|test-results/enhanced-patient-workspace-cde49--Test-Status-Filter-Buttons-chromium/video.webm]]

[[ATTACHMENT|test-results/enhanced-patient-workspace-cde49--Test-Status-Filter-Buttons-chromium/error-context.md]]
]]>
</system-out>
</testcase>
<testcase name="Enhanced Patient Workspace Orders Tab - Button Testing › Test Search and Filter Buttons" classname="enhanced-patient-workspace-orders.test.ts" time="12.583">
<failure message="enhanced-patient-workspace-orders.test.ts:178:3 Test Search and Filter Buttons" type="FAILURE">
<![CDATA[  [chromium] › enhanced-patient-workspace-orders.test.ts:178:3 › Enhanced Patient Workspace Orders Tab - Button Testing › Test Search and Filter Buttons 

    TimeoutError: page.waitForSelector: Timeout 10000ms exceeded.
    Call log:
      - waiting for locator('[data-testid="orders-tab"], .tabs-content, [role="tabpanel"]') to be visible


      10 |     
      11 |     // Wait for the orders tab to be visible
    > 12 |     await page.waitForSelector('[data-testid="orders-tab"], .tabs-content, [role="tabpanel"]', { timeout: 10000 });
         |                ^
      13 |   });
      14 |
      15 |   test('Test Prescription Action Buttons', async ({ page }) => {
        at /Users/lacbis/Med flow/medi-flow-b920c902/src/tests/e2e/enhanced-patient-workspace-orders.test.ts:12:16

    attachment #1: screenshot (image/png) ──────────────────────────────────────────────────────────
    ../../../test-results/enhanced-patient-workspace-fef1d-t-Search-and-Filter-Buttons-chromium/test-failed-1.png
    ────────────────────────────────────────────────────────────────────────────────────────────────

    attachment #2: video (video/webm) ──────────────────────────────────────────────────────────────
    ../../../test-results/enhanced-patient-workspace-fef1d-t-Search-and-Filter-Buttons-chromium/video.webm
    ────────────────────────────────────────────────────────────────────────────────────────────────

    Error Context: ../../../test-results/enhanced-patient-workspace-fef1d-t-Search-and-Filter-Buttons-chromium/error-context.md
]]>
</failure>
<system-out>
<![CDATA[
[[ATTACHMENT|test-results/enhanced-patient-workspace-fef1d-t-Search-and-Filter-Buttons-chromium/test-failed-1.png]]

[[ATTACHMENT|test-results/enhanced-patient-workspace-fef1d-t-Search-and-Filter-Buttons-chromium/video.webm]]

[[ATTACHMENT|test-results/enhanced-patient-workspace-fef1d-t-Search-and-Filter-Buttons-chromium/error-context.md]]
]]>
</system-out>
</testcase>
<testcase name="Enhanced Patient Workspace Orders Tab - Button Testing › Test All Interactive Elements" classname="enhanced-patient-workspace-orders.test.ts" time="12.404">
<failure message="enhanced-patient-workspace-orders.test.ts:195:3 Test All Interactive Elements" type="FAILURE">
<![CDATA[  [chromium] › enhanced-patient-workspace-orders.test.ts:195:3 › Enhanced Patient Workspace Orders Tab - Button Testing › Test All Interactive Elements 

    TimeoutError: page.waitForSelector: Timeout 10000ms exceeded.
    Call log:
      - waiting for locator('[data-testid="orders-tab"], .tabs-content, [role="tabpanel"]') to be visible


      10 |     
      11 |     // Wait for the orders tab to be visible
    > 12 |     await page.waitForSelector('[data-testid="orders-tab"], .tabs-content, [role="tabpanel"]', { timeout: 10000 });
         |                ^
      13 |   });
      14 |
      15 |   test('Test Prescription Action Buttons', async ({ page }) => {
        at /Users/lacbis/Med flow/medi-flow-b920c902/src/tests/e2e/enhanced-patient-workspace-orders.test.ts:12:16

    attachment #1: screenshot (image/png) ──────────────────────────────────────────────────────────
    ../../../test-results/enhanced-patient-workspace-ade19-st-All-Interactive-Elements-chromium/test-failed-1.png
    ────────────────────────────────────────────────────────────────────────────────────────────────

    attachment #2: video (video/webm) ──────────────────────────────────────────────────────────────
    ../../../test-results/enhanced-patient-workspace-ade19-st-All-Interactive-Elements-chromium/video.webm
    ────────────────────────────────────────────────────────────────────────────────────────────────

    Error Context: ../../../test-results/enhanced-patient-workspace-ade19-st-All-Interactive-Elements-chromium/error-context.md
]]>
</failure>
<system-out>
<![CDATA[
[[ATTACHMENT|test-results/enhanced-patient-workspace-ade19-st-All-Interactive-Elements-chromium/test-failed-1.png]]

[[ATTACHMENT|test-results/enhanced-patient-workspace-ade19-st-All-Interactive-Elements-chromium/video.webm]]

[[ATTACHMENT|test-results/enhanced-patient-workspace-ade19-st-All-Interactive-Elements-chromium/error-context.md]]
]]>
</system-out>
</testcase>
</testsuite>
<testsuite name="enhanced-patient-workspace-orders.test.ts" timestamp="2025-10-18T13:47:43.230Z" hostname="firefox" tests="10" failures="9" skipped="0" time="103.5" errors="0">
<testcase name="Enhanced Patient Workspace Orders Tab - Button Testing › Test Prescription Action Buttons" classname="enhanced-patient-workspace-orders.test.ts" time="12.036">
<failure message="enhanced-patient-workspace-orders.test.ts:15:3 Test Prescription Action Buttons" type="FAILURE">
<![CDATA[  [firefox] › enhanced-patient-workspace-orders.test.ts:15:3 › Enhanced Patient Workspace Orders Tab - Button Testing › Test Prescription Action Buttons 

    TimeoutError: page.waitForSelector: Timeout 10000ms exceeded.
    Call log:
      - waiting for locator('[data-testid="orders-tab"], .tabs-content, [role="tabpanel"]') to be visible


      10 |     
      11 |     // Wait for the orders tab to be visible
    > 12 |     await page.waitForSelector('[data-testid="orders-tab"], .tabs-content, [role="tabpanel"]', { timeout: 10000 });
         |                ^
      13 |   });
      14 |
      15 |   test('Test Prescription Action Buttons', async ({ page }) => {
        at /Users/lacbis/Med flow/medi-flow-b920c902/src/tests/e2e/enhanced-patient-workspace-orders.test.ts:12:16

    attachment #1: screenshot (image/png) ──────────────────────────────────────────────────────────
    ../../../test-results/enhanced-patient-workspace-20c82-Prescription-Action-Buttons-firefox/test-failed-1.png
    ────────────────────────────────────────────────────────────────────────────────────────────────

    attachment #2: video (video/webm) ──────────────────────────────────────────────────────────────
    ../../../test-results/enhanced-patient-workspace-20c82-Prescription-Action-Buttons-firefox/video.webm
    ────────────────────────────────────────────────────────────────────────────────────────────────

    Error Context: ../../../test-results/enhanced-patient-workspace-20c82-Prescription-Action-Buttons-firefox/error-context.md
]]>
</failure>
<system-out>
<![CDATA[
[[ATTACHMENT|test-results/enhanced-patient-workspace-20c82-Prescription-Action-Buttons-firefox/test-failed-1.png]]

[[ATTACHMENT|test-results/enhanced-patient-workspace-20c82-Prescription-Action-Buttons-firefox/video.webm]]

[[ATTACHMENT|test-results/enhanced-patient-workspace-20c82-Prescription-Action-Buttons-firefox/error-context.md]]
]]>
</system-out>
</testcase>
<testcase name="Enhanced Patient Workspace Orders Tab - Button Testing › Test Lab Order Action Buttons" classname="enhanced-patient-workspace-orders.test.ts" time="6.353">
<failure message="enhanced-patient-workspace-orders.test.ts:50:3 Test Lab Order Action Buttons" type="FAILURE">
<![CDATA[  [firefox] › enhanced-patient-workspace-orders.test.ts:50:3 › Enhanced Patient Workspace Orders Tab - Button Testing › Test Lab Order Action Buttons 

    Error: page.waitForSelector: Target page, context or browser has been closed
    Call log:
      - waiting for locator('[data-testid="orders-tab"], .tabs-content, [role="tabpanel"]') to be visible


      10 |     
      11 |     // Wait for the orders tab to be visible
    > 12 |     await page.waitForSelector('[data-testid="orders-tab"], .tabs-content, [role="tabpanel"]', { timeout: 10000 });
         |                ^
      13 |   });
      14 |
      15 |   test('Test Prescription Action Buttons', async ({ page }) => {
        at /Users/lacbis/Med flow/medi-flow-b920c902/src/tests/e2e/enhanced-patient-workspace-orders.test.ts:12:16

    attachment #1: video (video/webm) ──────────────────────────────────────────────────────────────
    ../../../test-results/enhanced-patient-workspace-95f2c-st-Lab-Order-Action-Buttons-firefox/video.webm
    ────────────────────────────────────────────────────────────────────────────────────────────────
]]>
</failure>
<system-out>
<![CDATA[
[[ATTACHMENT|test-results/enhanced-patient-workspace-95f2c-st-Lab-Order-Action-Buttons-firefox/video.webm]]
]]>
</system-out>
</testcase>
<testcase name="Enhanced Patient Workspace Orders Tab - Button Testing › Test Workspace Navigation Buttons" classname="enhanced-patient-workspace-orders.test.ts" time="2.633">
<failure message="enhanced-patient-workspace-orders.test.ts:83:3 Test Workspace Navigation Buttons" type="FAILURE">
<![CDATA[  [firefox] › enhanced-patient-workspace-orders.test.ts:83:3 › Enhanced Patient Workspace Orders Tab - Button Testing › Test Workspace Navigation Buttons 

    Error: page.waitForSelector: Target page, context or browser has been closed
    Call log:
      - waiting for locator('[data-testid="orders-tab"], .tabs-content, [role="tabpanel"]') to be visible


      10 |     
      11 |     // Wait for the orders tab to be visible
    > 12 |     await page.waitForSelector('[data-testid="orders-tab"], .tabs-content, [role="tabpanel"]', { timeout: 10000 });
         |                ^
      13 |   });
      14 |
      15 |   test('Test Prescription Action Buttons', async ({ page }) => {
        at /Users/lacbis/Med flow/medi-flow-b920c902/src/tests/e2e/enhanced-patient-workspace-orders.test.ts:12:16

    attachment #1: video (video/webm) ──────────────────────────────────────────────────────────────
    ../../../test-results/enhanced-patient-workspace-f7824-orkspace-Navigation-Buttons-firefox/video.webm
    ────────────────────────────────────────────────────────────────────────────────────────────────
]]>
</failure>
<system-out>
<![CDATA[
[[ATTACHMENT|test-results/enhanced-patient-workspace-f7824-orkspace-Navigation-Buttons-firefox/video.webm]]
]]>
</system-out>
</testcase>
<testcase name="Enhanced Patient Workspace Orders Tab - Button Testing › Test Quick Action Buttons" classname="enhanced-patient-workspace-orders.test.ts" time="11.698">
<failure message="enhanced-patient-workspace-orders.test.ts:102:3 Test Quick Action Buttons" type="FAILURE">
<![CDATA[  [firefox] › enhanced-patient-workspace-orders.test.ts:102:3 › Enhanced Patient Workspace Orders Tab - Button Testing › Test Quick Action Buttons 

    TimeoutError: page.waitForSelector: Timeout 10000ms exceeded.
    Call log:
      - waiting for locator('[data-testid="orders-tab"], .tabs-content, [role="tabpanel"]') to be visible


      10 |     
      11 |     // Wait for the orders tab to be visible
    > 12 |     await page.waitForSelector('[data-testid="orders-tab"], .tabs-content, [role="tabpanel"]', { timeout: 10000 });
         |                ^
      13 |   });
      14 |
      15 |   test('Test Prescription Action Buttons', async ({ page }) => {
        at /Users/lacbis/Med flow/medi-flow-b920c902/src/tests/e2e/enhanced-patient-workspace-orders.test.ts:12:16

    attachment #1: screenshot (image/png) ──────────────────────────────────────────────────────────
    ../../../test-results/enhanced-patient-workspace-f48f8-g-Test-Quick-Action-Buttons-firefox/test-failed-1.png
    ────────────────────────────────────────────────────────────────────────────────────────────────

    attachment #2: video (video/webm) ──────────────────────────────────────────────────────────────
    ../../../test-results/enhanced-patient-workspace-f48f8-g-Test-Quick-Action-Buttons-firefox/video.webm
    ────────────────────────────────────────────────────────────────────────────────────────────────

    Error Context: ../../../test-results/enhanced-patient-workspace-f48f8-g-Test-Quick-Action-Buttons-firefox/error-context.md
]]>
</failure>
<system-out>
<![CDATA[
[[ATTACHMENT|test-results/enhanced-patient-workspace-f48f8-g-Test-Quick-Action-Buttons-firefox/test-failed-1.png]]

[[ATTACHMENT|test-results/enhanced-patient-workspace-f48f8-g-Test-Quick-Action-Buttons-firefox/video.webm]]

[[ATTACHMENT|test-results/enhanced-patient-workspace-f48f8-g-Test-Quick-Action-Buttons-firefox/error-context.md]]
]]>
</system-out>
</testcase>
<testcase name="Enhanced Patient Workspace Orders Tab - Button Testing › Test Patient Summary Action Buttons" classname="enhanced-patient-workspace-orders.test.ts" time="12.267">
<failure message="enhanced-patient-workspace-orders.test.ts:125:3 Test Patient Summary Action Buttons" type="FAILURE">
<![CDATA[  [firefox] › enhanced-patient-workspace-orders.test.ts:125:3 › Enhanced Patient Workspace Orders Tab - Button Testing › Test Patient Summary Action Buttons 

    TimeoutError: page.waitForSelector: Timeout 10000ms exceeded.
    Call log:
      - waiting for locator('[data-testid="orders-tab"], .tabs-content, [role="tabpanel"]') to be visible


      10 |     
      11 |     // Wait for the orders tab to be visible
    > 12 |     await page.waitForSelector('[data-testid="orders-tab"], .tabs-content, [role="tabpanel"]', { timeout: 10000 });
         |                ^
      13 |   });
      14 |
      15 |   test('Test Prescription Action Buttons', async ({ page }) => {
        at /Users/lacbis/Med flow/medi-flow-b920c902/src/tests/e2e/enhanced-patient-workspace-orders.test.ts:12:16

    attachment #1: screenshot (image/png) ──────────────────────────────────────────────────────────
    ../../../test-results/enhanced-patient-workspace-af0f7-ient-Summary-Action-Buttons-firefox/test-failed-1.png
    ────────────────────────────────────────────────────────────────────────────────────────────────

    attachment #2: video (video/webm) ──────────────────────────────────────────────────────────────
    ../../../test-results/enhanced-patient-workspace-af0f7-ient-Summary-Action-Buttons-firefox/video.webm
    ────────────────────────────────────────────────────────────────────────────────────────────────

    Error Context: ../../../test-results/enhanced-patient-workspace-af0f7-ient-Summary-Action-Buttons-firefox/error-context.md
]]>
</failure>
<system-out>
<![CDATA[
[[ATTACHMENT|test-results/enhanced-patient-workspace-af0f7-ient-Summary-Action-Buttons-firefox/test-failed-1.png]]

[[ATTACHMENT|test-results/enhanced-patient-workspace-af0f7-ient-Summary-Action-Buttons-firefox/video.webm]]

[[ATTACHMENT|test-results/enhanced-patient-workspace-af0f7-ient-Summary-Action-Buttons-firefox/error-context.md]]
]]>
</system-out>
</testcase>
<testcase name="Enhanced Patient Workspace Orders Tab - Button Testing › Test Add New Buttons" classname="enhanced-patient-workspace-orders.test.ts" time="12.611">
<failure message="enhanced-patient-workspace-orders.test.ts:142:3 Test Add New Buttons" type="FAILURE">
<![CDATA[  [firefox] › enhanced-patient-workspace-orders.test.ts:142:3 › Enhanced Patient Workspace Orders Tab - Button Testing › Test Add New Buttons 

    TimeoutError: page.waitForSelector: Timeout 10000ms exceeded.
    Call log:
      - waiting for locator('[data-testid="orders-tab"], .tabs-content, [role="tabpanel"]') to be visible


      10 |     
      11 |     // Wait for the orders tab to be visible
    > 12 |     await page.waitForSelector('[data-testid="orders-tab"], .tabs-content, [role="tabpanel"]', { timeout: 10000 });
         |                ^
      13 |   });
      14 |
      15 |   test('Test Prescription Action Buttons', async ({ page }) => {
        at /Users/lacbis/Med flow/medi-flow-b920c902/src/tests/e2e/enhanced-patient-workspace-orders.test.ts:12:16

    attachment #1: screenshot (image/png) ──────────────────────────────────────────────────────────
    ../../../test-results/enhanced-patient-workspace-5d15e-esting-Test-Add-New-Buttons-firefox/test-failed-1.png
    ────────────────────────────────────────────────────────────────────────────────────────────────

    attachment #2: video (video/webm) ──────────────────────────────────────────────────────────────
    ../../../test-results/enhanced-patient-workspace-5d15e-esting-Test-Add-New-Buttons-firefox/video.webm
    ────────────────────────────────────────────────────────────────────────────────────────────────

    Error Context: ../../../test-results/enhanced-patient-workspace-5d15e-esting-Test-Add-New-Buttons-firefox/error-context.md
]]>
</failure>
<system-out>
<![CDATA[
[[ATTACHMENT|test-results/enhanced-patient-workspace-5d15e-esting-Test-Add-New-Buttons-firefox/test-failed-1.png]]

[[ATTACHMENT|test-results/enhanced-patient-workspace-5d15e-esting-Test-Add-New-Buttons-firefox/video.webm]]

[[ATTACHMENT|test-results/enhanced-patient-workspace-5d15e-esting-Test-Add-New-Buttons-firefox/error-context.md]]
]]>
</system-out>
</testcase>
<testcase name="Enhanced Patient Workspace Orders Tab - Button Testing › Test View Toggle Buttons" classname="enhanced-patient-workspace-orders.test.ts" time="11.755">
<failure message="enhanced-patient-workspace-orders.test.ts:160:3 Test View Toggle Buttons" type="FAILURE">
<![CDATA[  [firefox] › enhanced-patient-workspace-orders.test.ts:160:3 › Enhanced Patient Workspace Orders Tab - Button Testing › Test View Toggle Buttons 

    TimeoutError: page.waitForSelector: Timeout 10000ms exceeded.
    Call log:
      - waiting for locator('[data-testid="orders-tab"], .tabs-content, [role="tabpanel"]') to be visible


      10 |     
      11 |     // Wait for the orders tab to be visible
    > 12 |     await page.waitForSelector('[data-testid="orders-tab"], .tabs-content, [role="tabpanel"]', { timeout: 10000 });
         |                ^
      13 |   });
      14 |
      15 |   test('Test Prescription Action Buttons', async ({ page }) => {
        at /Users/lacbis/Med flow/medi-flow-b920c902/src/tests/e2e/enhanced-patient-workspace-orders.test.ts:12:16

    attachment #1: screenshot (image/png) ──────────────────────────────────────────────────────────
    ../../../test-results/enhanced-patient-workspace-64b12-ng-Test-View-Toggle-Buttons-firefox/test-failed-1.png
    ────────────────────────────────────────────────────────────────────────────────────────────────

    attachment #2: video (video/webm) ──────────────────────────────────────────────────────────────
    ../../../test-results/enhanced-patient-workspace-64b12-ng-Test-View-Toggle-Buttons-firefox/video.webm
    ────────────────────────────────────────────────────────────────────────────────────────────────

    Error Context: ../../../test-results/enhanced-patient-workspace-64b12-ng-Test-View-Toggle-Buttons-firefox/error-context.md
]]>
</failure>
<system-out>
<![CDATA[
[[ATTACHMENT|test-results/enhanced-patient-workspace-64b12-ng-Test-View-Toggle-Buttons-firefox/test-failed-1.png]]

[[ATTACHMENT|test-results/enhanced-patient-workspace-64b12-ng-Test-View-Toggle-Buttons-firefox/video.webm]]

[[ATTACHMENT|test-results/enhanced-patient-workspace-64b12-ng-Test-View-Toggle-Buttons-firefox/error-context.md]]
]]>
</system-out>
</testcase>
<testcase name="Enhanced Patient Workspace Orders Tab - Button Testing › Test Status Filter Buttons" classname="enhanced-patient-workspace-orders.test.ts" time="12.381">
<failure message="enhanced-patient-workspace-orders.test.ts:169:3 Test Status Filter Buttons" type="FAILURE">
<![CDATA[  [firefox] › enhanced-patient-workspace-orders.test.ts:169:3 › Enhanced Patient Workspace Orders Tab - Button Testing › Test Status Filter Buttons 

    TimeoutError: page.waitForSelector: Timeout 10000ms exceeded.
    Call log:
      - waiting for locator('[data-testid="orders-tab"], .tabs-content, [role="tabpanel"]') to be visible


      10 |     
      11 |     // Wait for the orders tab to be visible
    > 12 |     await page.waitForSelector('[data-testid="orders-tab"], .tabs-content, [role="tabpanel"]', { timeout: 10000 });
         |                ^
      13 |   });
      14 |
      15 |   test('Test Prescription Action Buttons', async ({ page }) => {
        at /Users/lacbis/Med flow/medi-flow-b920c902/src/tests/e2e/enhanced-patient-workspace-orders.test.ts:12:16

    attachment #1: screenshot (image/png) ──────────────────────────────────────────────────────────
    ../../../test-results/enhanced-patient-workspace-cde49--Test-Status-Filter-Buttons-firefox/test-failed-1.png
    ────────────────────────────────────────────────────────────────────────────────────────────────

    attachment #2: video (video/webm) ──────────────────────────────────────────────────────────────
    ../../../test-results/enhanced-patient-workspace-cde49--Test-Status-Filter-Buttons-firefox/video.webm
    ────────────────────────────────────────────────────────────────────────────────────────────────

    Error Context: ../../../test-results/enhanced-patient-workspace-cde49--Test-Status-Filter-Buttons-firefox/error-context.md
]]>
</failure>
<system-out>
<![CDATA[
[[ATTACHMENT|test-results/enhanced-patient-workspace-cde49--Test-Status-Filter-Buttons-firefox/test-failed-1.png]]

[[ATTACHMENT|test-results/enhanced-patient-workspace-cde49--Test-Status-Filter-Buttons-firefox/video.webm]]

[[ATTACHMENT|test-results/enhanced-patient-workspace-cde49--Test-Status-Filter-Buttons-firefox/error-context.md]]
]]>
</system-out>
</testcase>
<testcase name="Enhanced Patient Workspace Orders Tab - Button Testing › Test Search and Filter Buttons" classname="enhanced-patient-workspace-orders.test.ts" time="10.145">
</testcase>
<testcase name="Enhanced Patient Workspace Orders Tab - Button Testing › Test All Interactive Elements" classname="enhanced-patient-workspace-orders.test.ts" time="11.621">
<failure message="enhanced-patient-workspace-orders.test.ts:195:3 Test All Interactive Elements" type="FAILURE">
<![CDATA[  [firefox] › enhanced-patient-workspace-orders.test.ts:195:3 › Enhanced Patient Workspace Orders Tab - Button Testing › Test All Interactive Elements 

    TimeoutError: page.waitForSelector: Timeout 10000ms exceeded.
    Call log:
      - waiting for locator('[data-testid="orders-tab"], .tabs-content, [role="tabpanel"]') to be visible


      10 |     
      11 |     // Wait for the orders tab to be visible
    > 12 |     await page.waitForSelector('[data-testid="orders-tab"], .tabs-content, [role="tabpanel"]', { timeout: 10000 });
         |                ^
      13 |   });
      14 |
      15 |   test('Test Prescription Action Buttons', async ({ page }) => {
        at /Users/lacbis/Med flow/medi-flow-b920c902/src/tests/e2e/enhanced-patient-workspace-orders.test.ts:12:16

    attachment #1: screenshot (image/png) ──────────────────────────────────────────────────────────
    ../../../test-results/enhanced-patient-workspace-ade19-st-All-Interactive-Elements-firefox/test-failed-1.png
    ────────────────────────────────────────────────────────────────────────────────────────────────

    attachment #2: video (video/webm) ──────────────────────────────────────────────────────────────
    ../../../test-results/enhanced-patient-workspace-ade19-st-All-Interactive-Elements-firefox/video.webm
    ────────────────────────────────────────────────────────────────────────────────────────────────

    Error Context: ../../../test-results/enhanced-patient-workspace-ade19-st-All-Interactive-Elements-firefox/error-context.md
]]>
</failure>
<system-out>
<![CDATA[
[[ATTACHMENT|test-results/enhanced-patient-workspace-ade19-st-All-Interactive-Elements-firefox/test-failed-1.png]]

[[ATTACHMENT|test-results/enhanced-patient-workspace-ade19-st-All-Interactive-Elements-firefox/video.webm]]

[[ATTACHMENT|test-results/enhanced-patient-workspace-ade19-st-All-Interactive-Elements-firefox/error-context.md]]
]]>
</system-out>
</testcase>
</testsuite>
<testsuite name="enhanced-patient-workspace-orders.test.ts" timestamp="2025-10-18T13:47:43.230Z" hostname="webkit" tests="10" failures="10" skipped="0" time="116.775" errors="0">
<testcase name="Enhanced Patient Workspace Orders Tab - Button Testing › Test Prescription Action Buttons" classname="enhanced-patient-workspace-orders.test.ts" time="11.747">
<failure message="enhanced-patient-workspace-orders.test.ts:15:3 Test Prescription Action Buttons" type="FAILURE">
<![CDATA[  [webkit] › enhanced-patient-workspace-orders.test.ts:15:3 › Enhanced Patient Workspace Orders Tab - Button Testing › Test Prescription Action Buttons 

    TimeoutError: page.waitForSelector: Timeout 10000ms exceeded.
    Call log:
      - waiting for locator('[data-testid="orders-tab"], .tabs-content, [role="tabpanel"]') to be visible


      10 |     
      11 |     // Wait for the orders tab to be visible
    > 12 |     await page.waitForSelector('[data-testid="orders-tab"], .tabs-content, [role="tabpanel"]', { timeout: 10000 });
         |                ^
      13 |   });
      14 |
      15 |   test('Test Prescription Action Buttons', async ({ page }) => {
        at /Users/lacbis/Med flow/medi-flow-b920c902/src/tests/e2e/enhanced-patient-workspace-orders.test.ts:12:16

    attachment #1: screenshot (image/png) ──────────────────────────────────────────────────────────
    ../../../test-results/enhanced-patient-workspace-20c82-Prescription-Action-Buttons-webkit/test-failed-1.png
    ────────────────────────────────────────────────────────────────────────────────────────────────

    attachment #2: video (video/webm) ──────────────────────────────────────────────────────────────
    ../../../test-results/enhanced-patient-workspace-20c82-Prescription-Action-Buttons-webkit/video.webm
    ────────────────────────────────────────────────────────────────────────────────────────────────

    Error Context: ../../../test-results/enhanced-patient-workspace-20c82-Prescription-Action-Buttons-webkit/error-context.md
]]>
</failure>
<system-out>
<![CDATA[
[[ATTACHMENT|test-results/enhanced-patient-workspace-20c82-Prescription-Action-Buttons-webkit/test-failed-1.png]]

[[ATTACHMENT|test-results/enhanced-patient-workspace-20c82-Prescription-Action-Buttons-webkit/video.webm]]

[[ATTACHMENT|test-results/enhanced-patient-workspace-20c82-Prescription-Action-Buttons-webkit/error-context.md]]
]]>
</system-out>
</testcase>
<testcase name="Enhanced Patient Workspace Orders Tab - Button Testing › Test Lab Order Action Buttons" classname="enhanced-patient-workspace-orders.test.ts" time="11.788">
<failure message="enhanced-patient-workspace-orders.test.ts:50:3 Test Lab Order Action Buttons" type="FAILURE">
<![CDATA[  [webkit] › enhanced-patient-workspace-orders.test.ts:50:3 › Enhanced Patient Workspace Orders Tab - Button Testing › Test Lab Order Action Buttons 

    TimeoutError: page.waitForSelector: Timeout 10000ms exceeded.
    Call log:
      - waiting for locator('[data-testid="orders-tab"], .tabs-content, [role="tabpanel"]') to be visible


      10 |     
      11 |     // Wait for the orders tab to be visible
    > 12 |     await page.waitForSelector('[data-testid="orders-tab"], .tabs-content, [role="tabpanel"]', { timeout: 10000 });
         |                ^
      13 |   });
      14 |
      15 |   test('Test Prescription Action Buttons', async ({ page }) => {
        at /Users/lacbis/Med flow/medi-flow-b920c902/src/tests/e2e/enhanced-patient-workspace-orders.test.ts:12:16

    attachment #1: screenshot (image/png) ──────────────────────────────────────────────────────────
    ../../../test-results/enhanced-patient-workspace-95f2c-st-Lab-Order-Action-Buttons-webkit/test-failed-1.png
    ────────────────────────────────────────────────────────────────────────────────────────────────

    attachment #2: video (video/webm) ──────────────────────────────────────────────────────────────
    ../../../test-results/enhanced-patient-workspace-95f2c-st-Lab-Order-Action-Buttons-webkit/video.webm
    ────────────────────────────────────────────────────────────────────────────────────────────────

    Error Context: ../../../test-results/enhanced-patient-workspace-95f2c-st-Lab-Order-Action-Buttons-webkit/error-context.md
]]>
</failure>
<system-out>
<![CDATA[
[[ATTACHMENT|test-results/enhanced-patient-workspace-95f2c-st-Lab-Order-Action-Buttons-webkit/test-failed-1.png]]

[[ATTACHMENT|test-results/enhanced-patient-workspace-95f2c-st-Lab-Order-Action-Buttons-webkit/video.webm]]

[[ATTACHMENT|test-results/enhanced-patient-workspace-95f2c-st-Lab-Order-Action-Buttons-webkit/error-context.md]]
]]>
</system-out>
</testcase>
<testcase name="Enhanced Patient Workspace Orders Tab - Button Testing › Test Workspace Navigation Buttons" classname="enhanced-patient-workspace-orders.test.ts" time="11.778">
<failure message="enhanced-patient-workspace-orders.test.ts:83:3 Test Workspace Navigation Buttons" type="FAILURE">
<![CDATA[  [webkit] › enhanced-patient-workspace-orders.test.ts:83:3 › Enhanced Patient Workspace Orders Tab - Button Testing › Test Workspace Navigation Buttons 

    TimeoutError: page.waitForSelector: Timeout 10000ms exceeded.
    Call log:
      - waiting for locator('[data-testid="orders-tab"], .tabs-content, [role="tabpanel"]') to be visible


      10 |     
      11 |     // Wait for the orders tab to be visible
    > 12 |     await page.waitForSelector('[data-testid="orders-tab"], .tabs-content, [role="tabpanel"]', { timeout: 10000 });
         |                ^
      13 |   });
      14 |
      15 |   test('Test Prescription Action Buttons', async ({ page }) => {
        at /Users/lacbis/Med flow/medi-flow-b920c902/src/tests/e2e/enhanced-patient-workspace-orders.test.ts:12:16

    attachment #1: screenshot (image/png) ──────────────────────────────────────────────────────────
    ../../../test-results/enhanced-patient-workspace-f7824-orkspace-Navigation-Buttons-webkit/test-failed-1.png
    ────────────────────────────────────────────────────────────────────────────────────────────────

    attachment #2: video (video/webm) ──────────────────────────────────────────────────────────────
    ../../../test-results/enhanced-patient-workspace-f7824-orkspace-Navigation-Buttons-webkit/video.webm
    ────────────────────────────────────────────────────────────────────────────────────────────────

    Error Context: ../../../test-results/enhanced-patient-workspace-f7824-orkspace-Navigation-Buttons-webkit/error-context.md
]]>
</failure>
<system-out>
<![CDATA[
[[ATTACHMENT|test-results/enhanced-patient-workspace-f7824-orkspace-Navigation-Buttons-webkit/test-failed-1.png]]

[[ATTACHMENT|test-results/enhanced-patient-workspace-f7824-orkspace-Navigation-Buttons-webkit/video.webm]]

[[ATTACHMENT|test-results/enhanced-patient-workspace-f7824-orkspace-Navigation-Buttons-webkit/error-context.md]]
]]>
</system-out>
</testcase>
<testcase name="Enhanced Patient Workspace Orders Tab - Button Testing › Test Quick Action Buttons" classname="enhanced-patient-workspace-orders.test.ts" time="11.801">
<failure message="enhanced-patient-workspace-orders.test.ts:102:3 Test Quick Action Buttons" type="FAILURE">
<![CDATA[  [webkit] › enhanced-patient-workspace-orders.test.ts:102:3 › Enhanced Patient Workspace Orders Tab - Button Testing › Test Quick Action Buttons 

    TimeoutError: page.waitForSelector: Timeout 10000ms exceeded.
    Call log:
      - waiting for locator('[data-testid="orders-tab"], .tabs-content, [role="tabpanel"]') to be visible


      10 |     
      11 |     // Wait for the orders tab to be visible
    > 12 |     await page.waitForSelector('[data-testid="orders-tab"], .tabs-content, [role="tabpanel"]', { timeout: 10000 });
         |                ^
      13 |   });
      14 |
      15 |   test('Test Prescription Action Buttons', async ({ page }) => {
        at /Users/lacbis/Med flow/medi-flow-b920c902/src/tests/e2e/enhanced-patient-workspace-orders.test.ts:12:16

    attachment #1: screenshot (image/png) ──────────────────────────────────────────────────────────
    ../../../test-results/enhanced-patient-workspace-f48f8-g-Test-Quick-Action-Buttons-webkit/test-failed-1.png
    ────────────────────────────────────────────────────────────────────────────────────────────────

    attachment #2: video (video/webm) ──────────────────────────────────────────────────────────────
    ../../../test-results/enhanced-patient-workspace-f48f8-g-Test-Quick-Action-Buttons-webkit/video.webm
    ────────────────────────────────────────────────────────────────────────────────────────────────

    Error Context: ../../../test-results/enhanced-patient-workspace-f48f8-g-Test-Quick-Action-Buttons-webkit/error-context.md
]]>
</failure>
<system-out>
<![CDATA[
[[ATTACHMENT|test-results/enhanced-patient-workspace-f48f8-g-Test-Quick-Action-Buttons-webkit/test-failed-1.png]]

[[ATTACHMENT|test-results/enhanced-patient-workspace-f48f8-g-Test-Quick-Action-Buttons-webkit/video.webm]]

[[ATTACHMENT|test-results/enhanced-patient-workspace-f48f8-g-Test-Quick-Action-Buttons-webkit/error-context.md]]
]]>
</system-out>
</testcase>
<testcase name="Enhanced Patient Workspace Orders Tab - Button Testing › Test Patient Summary Action Buttons" classname="enhanced-patient-workspace-orders.test.ts" time="11.813">
<failure message="enhanced-patient-workspace-orders.test.ts:125:3 Test Patient Summary Action Buttons" type="FAILURE">
<![CDATA[  [webkit] › enhanced-patient-workspace-orders.test.ts:125:3 › Enhanced Patient Workspace Orders Tab - Button Testing › Test Patient Summary Action Buttons 

    TimeoutError: page.waitForSelector: Timeout 10000ms exceeded.
    Call log:
      - waiting for locator('[data-testid="orders-tab"], .tabs-content, [role="tabpanel"]') to be visible


      10 |     
      11 |     // Wait for the orders tab to be visible
    > 12 |     await page.waitForSelector('[data-testid="orders-tab"], .tabs-content, [role="tabpanel"]', { timeout: 10000 });
         |                ^
      13 |   });
      14 |
      15 |   test('Test Prescription Action Buttons', async ({ page }) => {
        at /Users/lacbis/Med flow/medi-flow-b920c902/src/tests/e2e/enhanced-patient-workspace-orders.test.ts:12:16

    attachment #1: screenshot (image/png) ──────────────────────────────────────────────────────────
    ../../../test-results/enhanced-patient-workspace-af0f7-ient-Summary-Action-Buttons-webkit/test-failed-1.png
    ────────────────────────────────────────────────────────────────────────────────────────────────

    attachment #2: video (video/webm) ──────────────────────────────────────────────────────────────
    ../../../test-results/enhanced-patient-workspace-af0f7-ient-Summary-Action-Buttons-webkit/video.webm
    ────────────────────────────────────────────────────────────────────────────────────────────────

    Error Context: ../../../test-results/enhanced-patient-workspace-af0f7-ient-Summary-Action-Buttons-webkit/error-context.md
]]>
</failure>
<system-out>
<![CDATA[
[[ATTACHMENT|test-results/enhanced-patient-workspace-af0f7-ient-Summary-Action-Buttons-webkit/test-failed-1.png]]

[[ATTACHMENT|test-results/enhanced-patient-workspace-af0f7-ient-Summary-Action-Buttons-webkit/video.webm]]

[[ATTACHMENT|test-results/enhanced-patient-workspace-af0f7-ient-Summary-Action-Buttons-webkit/error-context.md]]
]]>
</system-out>
</testcase>
<testcase name="Enhanced Patient Workspace Orders Tab - Button Testing › Test Add New Buttons" classname="enhanced-patient-workspace-orders.test.ts" time="11.228">
<failure message="enhanced-patient-workspace-orders.test.ts:142:3 Test Add New Buttons" type="FAILURE">
<![CDATA[  [webkit] › enhanced-patient-workspace-orders.test.ts:142:3 › Enhanced Patient Workspace Orders Tab - Button Testing › Test Add New Buttons 

    TimeoutError: page.waitForSelector: Timeout 10000ms exceeded.
    Call log:
      - waiting for locator('[data-testid="orders-tab"], .tabs-content, [role="tabpanel"]') to be visible


      10 |     
      11 |     // Wait for the orders tab to be visible
    > 12 |     await page.waitForSelector('[data-testid="orders-tab"], .tabs-content, [role="tabpanel"]', { timeout: 10000 });
         |                ^
      13 |   });
      14 |
      15 |   test('Test Prescription Action Buttons', async ({ page }) => {
        at /Users/lacbis/Med flow/medi-flow-b920c902/src/tests/e2e/enhanced-patient-workspace-orders.test.ts:12:16

    attachment #1: screenshot (image/png) ──────────────────────────────────────────────────────────
    ../../../test-results/enhanced-patient-workspace-5d15e-esting-Test-Add-New-Buttons-webkit/test-failed-1.png
    ────────────────────────────────────────────────────────────────────────────────────────────────

    attachment #2: video (video/webm) ──────────────────────────────────────────────────────────────
    ../../../test-results/enhanced-patient-workspace-5d15e-esting-Test-Add-New-Buttons-webkit/video.webm
    ────────────────────────────────────────────────────────────────────────────────────────────────

    Error Context: ../../../test-results/enhanced-patient-workspace-5d15e-esting-Test-Add-New-Buttons-webkit/error-context.md
]]>
</failure>
<system-out>
<![CDATA[
[[ATTACHMENT|test-results/enhanced-patient-workspace-5d15e-esting-Test-Add-New-Buttons-webkit/test-failed-1.png]]

[[ATTACHMENT|test-results/enhanced-patient-workspace-5d15e-esting-Test-Add-New-Buttons-webkit/video.webm]]

[[ATTACHMENT|test-results/enhanced-patient-workspace-5d15e-esting-Test-Add-New-Buttons-webkit/error-context.md]]
]]>
</system-out>
</testcase>
<testcase name="Enhanced Patient Workspace Orders Tab - Button Testing › Test View Toggle Buttons" classname="enhanced-patient-workspace-orders.test.ts" time="11.641">
<failure message="enhanced-patient-workspace-orders.test.ts:160:3 Test View Toggle Buttons" type="FAILURE">
<![CDATA[  [webkit] › enhanced-patient-workspace-orders.test.ts:160:3 › Enhanced Patient Workspace Orders Tab - Button Testing › Test View Toggle Buttons 

    TimeoutError: page.waitForSelector: Timeout 10000ms exceeded.
    Call log:
      - waiting for locator('[data-testid="orders-tab"], .tabs-content, [role="tabpanel"]') to be visible


      10 |     
      11 |     // Wait for the orders tab to be visible
    > 12 |     await page.waitForSelector('[data-testid="orders-tab"], .tabs-content, [role="tabpanel"]', { timeout: 10000 });
         |                ^
      13 |   });
      14 |
      15 |   test('Test Prescription Action Buttons', async ({ page }) => {
        at /Users/lacbis/Med flow/medi-flow-b920c902/src/tests/e2e/enhanced-patient-workspace-orders.test.ts:12:16

    attachment #1: screenshot (image/png) ──────────────────────────────────────────────────────────
    ../../../test-results/enhanced-patient-workspace-64b12-ng-Test-View-Toggle-Buttons-webkit/test-failed-1.png
    ────────────────────────────────────────────────────────────────────────────────────────────────

    attachment #2: video (video/webm) ──────────────────────────────────────────────────────────────
    ../../../test-results/enhanced-patient-workspace-64b12-ng-Test-View-Toggle-Buttons-webkit/video.webm
    ────────────────────────────────────────────────────────────────────────────────────────────────

    Error Context: ../../../test-results/enhanced-patient-workspace-64b12-ng-Test-View-Toggle-Buttons-webkit/error-context.md
]]>
</failure>
<system-out>
<![CDATA[
[[ATTACHMENT|test-results/enhanced-patient-workspace-64b12-ng-Test-View-Toggle-Buttons-webkit/test-failed-1.png]]

[[ATTACHMENT|test-results/enhanced-patient-workspace-64b12-ng-Test-View-Toggle-Buttons-webkit/video.webm]]

[[ATTACHMENT|test-results/enhanced-patient-workspace-64b12-ng-Test-View-Toggle-Buttons-webkit/error-context.md]]
]]>
</system-out>
</testcase>
<testcase name="Enhanced Patient Workspace Orders Tab - Button Testing › Test Status Filter Buttons" classname="enhanced-patient-workspace-orders.test.ts" time="11.655">
<failure message="enhanced-patient-workspace-orders.test.ts:169:3 Test Status Filter Buttons" type="FAILURE">
<![CDATA[  [webkit] › enhanced-patient-workspace-orders.test.ts:169:3 › Enhanced Patient Workspace Orders Tab - Button Testing › Test Status Filter Buttons 

    TimeoutError: page.waitForSelector: Timeout 10000ms exceeded.
    Call log:
      - waiting for locator('[data-testid="orders-tab"], .tabs-content, [role="tabpanel"]') to be visible


      10 |     
      11 |     // Wait for the orders tab to be visible
    > 12 |     await page.waitForSelector('[data-testid="orders-tab"], .tabs-content, [role="tabpanel"]', { timeout: 10000 });
         |                ^
      13 |   });
      14 |
      15 |   test('Test Prescription Action Buttons', async ({ page }) => {
        at /Users/lacbis/Med flow/medi-flow-b920c902/src/tests/e2e/enhanced-patient-workspace-orders.test.ts:12:16

    attachment #1: screenshot (image/png) ──────────────────────────────────────────────────────────
    ../../../test-results/enhanced-patient-workspace-cde49--Test-Status-Filter-Buttons-webkit/test-failed-1.png
    ────────────────────────────────────────────────────────────────────────────────────────────────

    attachment #2: video (video/webm) ──────────────────────────────────────────────────────────────
    ../../../test-results/enhanced-patient-workspace-cde49--Test-Status-Filter-Buttons-webkit/video.webm
    ────────────────────────────────────────────────────────────────────────────────────────────────

    Error Context: ../../../test-results/enhanced-patient-workspace-cde49--Test-Status-Filter-Buttons-webkit/error-context.md
]]>
</failure>
<system-out>
<![CDATA[
[[ATTACHMENT|test-results/enhanced-patient-workspace-cde49--Test-Status-Filter-Buttons-webkit/test-failed-1.png]]

[[ATTACHMENT|test-results/enhanced-patient-workspace-cde49--Test-Status-Filter-Buttons-webkit/video.webm]]

[[ATTACHMENT|test-results/enhanced-patient-workspace-cde49--Test-Status-Filter-Buttons-webkit/error-context.md]]
]]>
</system-out>
</testcase>
<testcase name="Enhanced Patient Workspace Orders Tab - Button Testing › Test Search and Filter Buttons" classname="enhanced-patient-workspace-orders.test.ts" time="11.663">
<failure message="enhanced-patient-workspace-orders.test.ts:178:3 Test Search and Filter Buttons" type="FAILURE">
<![CDATA[  [webkit] › enhanced-patient-workspace-orders.test.ts:178:3 › Enhanced Patient Workspace Orders Tab - Button Testing › Test Search and Filter Buttons 

    TimeoutError: page.waitForSelector: Timeout 10000ms exceeded.
    Call log:
      - waiting for locator('[data-testid="orders-tab"], .tabs-content, [role="tabpanel"]') to be visible


      10 |     
      11 |     // Wait for the orders tab to be visible
    > 12 |     await page.waitForSelector('[data-testid="orders-tab"], .tabs-content, [role="tabpanel"]', { timeout: 10000 });
         |                ^
      13 |   });
      14 |
      15 |   test('Test Prescription Action Buttons', async ({ page }) => {
        at /Users/lacbis/Med flow/medi-flow-b920c902/src/tests/e2e/enhanced-patient-workspace-orders.test.ts:12:16

    attachment #1: screenshot (image/png) ──────────────────────────────────────────────────────────
    ../../../test-results/enhanced-patient-workspace-fef1d-t-Search-and-Filter-Buttons-webkit/test-failed-1.png
    ────────────────────────────────────────────────────────────────────────────────────────────────

    attachment #2: video (video/webm) ──────────────────────────────────────────────────────────────
    ../../../test-results/enhanced-patient-workspace-fef1d-t-Search-and-Filter-Buttons-webkit/video.webm
    ────────────────────────────────────────────────────────────────────────────────────────────────

    Error Context: ../../../test-results/enhanced-patient-workspace-fef1d-t-Search-and-Filter-Buttons-webkit/error-context.md
]]>
</failure>
<system-out>
<![CDATA[
[[ATTACHMENT|test-results/enhanced-patient-workspace-fef1d-t-Search-and-Filter-Buttons-webkit/test-failed-1.png]]

[[ATTACHMENT|test-results/enhanced-patient-workspace-fef1d-t-Search-and-Filter-Buttons-webkit/video.webm]]

[[ATTACHMENT|test-results/enhanced-patient-workspace-fef1d-t-Search-and-Filter-Buttons-webkit/error-context.md]]
]]>
</system-out>
</testcase>
<testcase name="Enhanced Patient Workspace Orders Tab - Button Testing › Test All Interactive Elements" classname="enhanced-patient-workspace-orders.test.ts" time="11.661">
<failure message="enhanced-patient-workspace-orders.test.ts:195:3 Test All Interactive Elements" type="FAILURE">
<![CDATA[  [webkit] › enhanced-patient-workspace-orders.test.ts:195:3 › Enhanced Patient Workspace Orders Tab - Button Testing › Test All Interactive Elements 

    TimeoutError: page.waitForSelector: Timeout 10000ms exceeded.
    Call log:
      - waiting for locator('[data-testid="orders-tab"], .tabs-content, [role="tabpanel"]') to be visible


      10 |     
      11 |     // Wait for the orders tab to be visible
    > 12 |     await page.waitForSelector('[data-testid="orders-tab"], .tabs-content, [role="tabpanel"]', { timeout: 10000 });
         |                ^
      13 |   });
      14 |
      15 |   test('Test Prescription Action Buttons', async ({ page }) => {
        at /Users/lacbis/Med flow/medi-flow-b920c902/src/tests/e2e/enhanced-patient-workspace-orders.test.ts:12:16

    attachment #1: screenshot (image/png) ──────────────────────────────────────────────────────────
    ../../../test-results/enhanced-patient-workspace-ade19-st-All-Interactive-Elements-webkit/test-failed-1.png
    ────────────────────────────────────────────────────────────────────────────────────────────────

    attachment #2: video (video/webm) ──────────────────────────────────────────────────────────────
    ../../../test-results/enhanced-patient-workspace-ade19-st-All-Interactive-Elements-webkit/video.webm
    ────────────────────────────────────────────────────────────────────────────────────────────────

    Error Context: ../../../test-results/enhanced-patient-workspace-ade19-st-All-Interactive-Elements-webkit/error-context.md
]]>
</failure>
<system-out>
<![CDATA[
[[ATTACHMENT|test-results/enhanced-patient-workspace-ade19-st-All-Interactive-Elements-webkit/test-failed-1.png]]

[[ATTACHMENT|test-results/enhanced-patient-workspace-ade19-st-All-Interactive-Elements-webkit/video.webm]]

[[ATTACHMENT|test-results/enhanced-patient-workspace-ade19-st-All-Interactive-Elements-webkit/error-context.md]]
]]>
</system-out>
</testcase>
</testsuite>
<testsuite name="enhanced-patient-workspace-orders.test.ts" timestamp="2025-10-18T13:47:43.230Z" hostname="Mobile Chrome" tests="10" failures="10" skipped="0" time="119.757" errors="0">
<testcase name="Enhanced Patient Workspace Orders Tab - Button Testing › Test Prescription Action Buttons" classname="enhanced-patient-workspace-orders.test.ts" time="12.242">
<failure message="enhanced-patient-workspace-orders.test.ts:15:3 Test Prescription Action Buttons" type="FAILURE">
<![CDATA[  [Mobile Chrome] › enhanced-patient-workspace-orders.test.ts:15:3 › Enhanced Patient Workspace Orders Tab - Button Testing › Test Prescription Action Buttons 

    TimeoutError: page.waitForSelector: Timeout 10000ms exceeded.
    Call log:
      - waiting for locator('[data-testid="orders-tab"], .tabs-content, [role="tabpanel"]') to be visible


      10 |     
      11 |     // Wait for the orders tab to be visible
    > 12 |     await page.waitForSelector('[data-testid="orders-tab"], .tabs-content, [role="tabpanel"]', { timeout: 10000 });
         |                ^
      13 |   });
      14 |
      15 |   test('Test Prescription Action Buttons', async ({ page }) => {
        at /Users/lacbis/Med flow/medi-flow-b920c902/src/tests/e2e/enhanced-patient-workspace-orders.test.ts:12:16

    attachment #1: screenshot (image/png) ──────────────────────────────────────────────────────────
    ../../../test-results/enhanced-patient-workspace-20c82-Prescription-Action-Buttons-Mobile-Chrome/test-failed-1.png
    ────────────────────────────────────────────────────────────────────────────────────────────────

    attachment #2: video (video/webm) ──────────────────────────────────────────────────────────────
    ../../../test-results/enhanced-patient-workspace-20c82-Prescription-Action-Buttons-Mobile-Chrome/video.webm
    ────────────────────────────────────────────────────────────────────────────────────────────────

    Error Context: ../../../test-results/enhanced-patient-workspace-20c82-Prescription-Action-Buttons-Mobile-Chrome/error-context.md
]]>
</failure>
<system-out>
<![CDATA[
[[ATTACHMENT|test-results/enhanced-patient-workspace-20c82-Prescription-Action-Buttons-Mobile-Chrome/test-failed-1.png]]

[[ATTACHMENT|test-results/enhanced-patient-workspace-20c82-Prescription-Action-Buttons-Mobile-Chrome/video.webm]]

[[ATTACHMENT|test-results/enhanced-patient-workspace-20c82-Prescription-Action-Buttons-Mobile-Chrome/error-context.md]]
]]>
</system-out>
</testcase>
<testcase name="Enhanced Patient Workspace Orders Tab - Button Testing › Test Lab Order Action Buttons" classname="enhanced-patient-workspace-orders.test.ts" time="11.861">
<failure message="enhanced-patient-workspace-orders.test.ts:50:3 Test Lab Order Action Buttons" type="FAILURE">
<![CDATA[  [Mobile Chrome] › enhanced-patient-workspace-orders.test.ts:50:3 › Enhanced Patient Workspace Orders Tab - Button Testing › Test Lab Order Action Buttons 

    TimeoutError: page.waitForSelector: Timeout 10000ms exceeded.
    Call log:
      - waiting for locator('[data-testid="orders-tab"], .tabs-content, [role="tabpanel"]') to be visible


      10 |     
      11 |     // Wait for the orders tab to be visible
    > 12 |     await page.waitForSelector('[data-testid="orders-tab"], .tabs-content, [role="tabpanel"]', { timeout: 10000 });
         |                ^
      13 |   });
      14 |
      15 |   test('Test Prescription Action Buttons', async ({ page }) => {
        at /Users/lacbis/Med flow/medi-flow-b920c902/src/tests/e2e/enhanced-patient-workspace-orders.test.ts:12:16

    attachment #1: screenshot (image/png) ──────────────────────────────────────────────────────────
    ../../../test-results/enhanced-patient-workspace-95f2c-st-Lab-Order-Action-Buttons-Mobile-Chrome/test-failed-1.png
    ────────────────────────────────────────────────────────────────────────────────────────────────

    attachment #2: video (video/webm) ──────────────────────────────────────────────────────────────
    ../../../test-results/enhanced-patient-workspace-95f2c-st-Lab-Order-Action-Buttons-Mobile-Chrome/video.webm
    ────────────────────────────────────────────────────────────────────────────────────────────────

    Error Context: ../../../test-results/enhanced-patient-workspace-95f2c-st-Lab-Order-Action-Buttons-Mobile-Chrome/error-context.md
]]>
</failure>
<system-out>
<![CDATA[
[[ATTACHMENT|test-results/enhanced-patient-workspace-95f2c-st-Lab-Order-Action-Buttons-Mobile-Chrome/test-failed-1.png]]

[[ATTACHMENT|test-results/enhanced-patient-workspace-95f2c-st-Lab-Order-Action-Buttons-Mobile-Chrome/video.webm]]

[[ATTACHMENT|test-results/enhanced-patient-workspace-95f2c-st-Lab-Order-Action-Buttons-Mobile-Chrome/error-context.md]]
]]>
</system-out>
</testcase>
<testcase name="Enhanced Patient Workspace Orders Tab - Button Testing › Test Workspace Navigation Buttons" classname="enhanced-patient-workspace-orders.test.ts" time="12.318">
<failure message="enhanced-patient-workspace-orders.test.ts:83:3 Test Workspace Navigation Buttons" type="FAILURE">
<![CDATA[  [Mobile Chrome] › enhanced-patient-workspace-orders.test.ts:83:3 › Enhanced Patient Workspace Orders Tab - Button Testing › Test Workspace Navigation Buttons 

    TimeoutError: page.waitForSelector: Timeout 10000ms exceeded.
    Call log:
      - waiting for locator('[data-testid="orders-tab"], .tabs-content, [role="tabpanel"]') to be visible


      10 |     
      11 |     // Wait for the orders tab to be visible
    > 12 |     await page.waitForSelector('[data-testid="orders-tab"], .tabs-content, [role="tabpanel"]', { timeout: 10000 });
         |                ^
      13 |   });
      14 |
      15 |   test('Test Prescription Action Buttons', async ({ page }) => {
        at /Users/lacbis/Med flow/medi-flow-b920c902/src/tests/e2e/enhanced-patient-workspace-orders.test.ts:12:16

    attachment #1: screenshot (image/png) ──────────────────────────────────────────────────────────
    ../../../test-results/enhanced-patient-workspace-f7824-orkspace-Navigation-Buttons-Mobile-Chrome/test-failed-1.png
    ────────────────────────────────────────────────────────────────────────────────────────────────

    attachment #2: video (video/webm) ──────────────────────────────────────────────────────────────
    ../../../test-results/enhanced-patient-workspace-f7824-orkspace-Navigation-Buttons-Mobile-Chrome/video.webm
    ────────────────────────────────────────────────────────────────────────────────────────────────

    Error Context: ../../../test-results/enhanced-patient-workspace-f7824-orkspace-Navigation-Buttons-Mobile-Chrome/error-context.md
]]>
</failure>
<system-out>
<![CDATA[
[[ATTACHMENT|test-results/enhanced-patient-workspace-f7824-orkspace-Navigation-Buttons-Mobile-Chrome/test-failed-1.png]]

[[ATTACHMENT|test-results/enhanced-patient-workspace-f7824-orkspace-Navigation-Buttons-Mobile-Chrome/video.webm]]

[[ATTACHMENT|test-results/enhanced-patient-workspace-f7824-orkspace-Navigation-Buttons-Mobile-Chrome/error-context.md]]
]]>
</system-out>
</testcase>
<testcase name="Enhanced Patient Workspace Orders Tab - Button Testing › Test Quick Action Buttons" classname="enhanced-patient-workspace-orders.test.ts" time="12.295">
<failure message="enhanced-patient-workspace-orders.test.ts:102:3 Test Quick Action Buttons" type="FAILURE">
<![CDATA[  [Mobile Chrome] › enhanced-patient-workspace-orders.test.ts:102:3 › Enhanced Patient Workspace Orders Tab - Button Testing › Test Quick Action Buttons 

    TimeoutError: page.waitForSelector: Timeout 10000ms exceeded.
    Call log:
      - waiting for locator('[data-testid="orders-tab"], .tabs-content, [role="tabpanel"]') to be visible


      10 |     
      11 |     // Wait for the orders tab to be visible
    > 12 |     await page.waitForSelector('[data-testid="orders-tab"], .tabs-content, [role="tabpanel"]', { timeout: 10000 });
         |                ^
      13 |   });
      14 |
      15 |   test('Test Prescription Action Buttons', async ({ page }) => {
        at /Users/lacbis/Med flow/medi-flow-b920c902/src/tests/e2e/enhanced-patient-workspace-orders.test.ts:12:16

    attachment #1: screenshot (image/png) ──────────────────────────────────────────────────────────
    ../../../test-results/enhanced-patient-workspace-f48f8-g-Test-Quick-Action-Buttons-Mobile-Chrome/test-failed-1.png
    ────────────────────────────────────────────────────────────────────────────────────────────────

    attachment #2: video (video/webm) ──────────────────────────────────────────────────────────────
    ../../../test-results/enhanced-patient-workspace-f48f8-g-Test-Quick-Action-Buttons-Mobile-Chrome/video.webm
    ────────────────────────────────────────────────────────────────────────────────────────────────

    Error Context: ../../../test-results/enhanced-patient-workspace-f48f8-g-Test-Quick-Action-Buttons-Mobile-Chrome/error-context.md
]]>
</failure>
<system-out>
<![CDATA[
[[ATTACHMENT|test-results/enhanced-patient-workspace-f48f8-g-Test-Quick-Action-Buttons-Mobile-Chrome/test-failed-1.png]]

[[ATTACHMENT|test-results/enhanced-patient-workspace-f48f8-g-Test-Quick-Action-Buttons-Mobile-Chrome/video.webm]]

[[ATTACHMENT|test-results/enhanced-patient-workspace-f48f8-g-Test-Quick-Action-Buttons-Mobile-Chrome/error-context.md]]
]]>
</system-out>
</testcase>
<testcase name="Enhanced Patient Workspace Orders Tab - Button Testing › Test Patient Summary Action Buttons" classname="enhanced-patient-workspace-orders.test.ts" time="12.356">
<failure message="enhanced-patient-workspace-orders.test.ts:125:3 Test Patient Summary Action Buttons" type="FAILURE">
<![CDATA[  [Mobile Chrome] › enhanced-patient-workspace-orders.test.ts:125:3 › Enhanced Patient Workspace Orders Tab - Button Testing › Test Patient Summary Action Buttons 

    TimeoutError: page.waitForSelector: Timeout 10000ms exceeded.
    Call log:
      - waiting for locator('[data-testid="orders-tab"], .tabs-content, [role="tabpanel"]') to be visible


      10 |     
      11 |     // Wait for the orders tab to be visible
    > 12 |     await page.waitForSelector('[data-testid="orders-tab"], .tabs-content, [role="tabpanel"]', { timeout: 10000 });
         |                ^
      13 |   });
      14 |
      15 |   test('Test Prescription Action Buttons', async ({ page }) => {
        at /Users/lacbis/Med flow/medi-flow-b920c902/src/tests/e2e/enhanced-patient-workspace-orders.test.ts:12:16

    attachment #1: screenshot (image/png) ──────────────────────────────────────────────────────────
    ../../../test-results/enhanced-patient-workspace-af0f7-ient-Summary-Action-Buttons-Mobile-Chrome/test-failed-1.png
    ────────────────────────────────────────────────────────────────────────────────────────────────

    attachment #2: video (video/webm) ──────────────────────────────────────────────────────────────
    ../../../test-results/enhanced-patient-workspace-af0f7-ient-Summary-Action-Buttons-Mobile-Chrome/video.webm
    ────────────────────────────────────────────────────────────────────────────────────────────────

    Error Context: ../../../test-results/enhanced-patient-workspace-af0f7-ient-Summary-Action-Buttons-Mobile-Chrome/error-context.md
]]>
</failure>
<system-out>
<![CDATA[
[[ATTACHMENT|test-results/enhanced-patient-workspace-af0f7-ient-Summary-Action-Buttons-Mobile-Chrome/test-failed-1.png]]

[[ATTACHMENT|test-results/enhanced-patient-workspace-af0f7-ient-Summary-Action-Buttons-Mobile-Chrome/video.webm]]

[[ATTACHMENT|test-results/enhanced-patient-workspace-af0f7-ient-Summary-Action-Buttons-Mobile-Chrome/error-context.md]]
]]>
</system-out>
</testcase>
<testcase name="Enhanced Patient Workspace Orders Tab - Button Testing › Test Add New Buttons" classname="enhanced-patient-workspace-orders.test.ts" time="12.167">
<failure message="enhanced-patient-workspace-orders.test.ts:142:3 Test Add New Buttons" type="FAILURE">
<![CDATA[  [Mobile Chrome] › enhanced-patient-workspace-orders.test.ts:142:3 › Enhanced Patient Workspace Orders Tab - Button Testing › Test Add New Buttons 

    TimeoutError: page.waitForSelector: Timeout 10000ms exceeded.
    Call log:
      - waiting for locator('[data-testid="orders-tab"], .tabs-content, [role="tabpanel"]') to be visible


      10 |     
      11 |     // Wait for the orders tab to be visible
    > 12 |     await page.waitForSelector('[data-testid="orders-tab"], .tabs-content, [role="tabpanel"]', { timeout: 10000 });
         |                ^
      13 |   });
      14 |
      15 |   test('Test Prescription Action Buttons', async ({ page }) => {
        at /Users/lacbis/Med flow/medi-flow-b920c902/src/tests/e2e/enhanced-patient-workspace-orders.test.ts:12:16

    attachment #1: screenshot (image/png) ──────────────────────────────────────────────────────────
    ../../../test-results/enhanced-patient-workspace-5d15e-esting-Test-Add-New-Buttons-Mobile-Chrome/test-failed-1.png
    ────────────────────────────────────────────────────────────────────────────────────────────────

    attachment #2: video (video/webm) ──────────────────────────────────────────────────────────────
    ../../../test-results/enhanced-patient-workspace-5d15e-esting-Test-Add-New-Buttons-Mobile-Chrome/video.webm
    ────────────────────────────────────────────────────────────────────────────────────────────────

    Error Context: ../../../test-results/enhanced-patient-workspace-5d15e-esting-Test-Add-New-Buttons-Mobile-Chrome/error-context.md
]]>
</failure>
<system-out>
<![CDATA[
[[ATTACHMENT|test-results/enhanced-patient-workspace-5d15e-esting-Test-Add-New-Buttons-Mobile-Chrome/test-failed-1.png]]

[[ATTACHMENT|test-results/enhanced-patient-workspace-5d15e-esting-Test-Add-New-Buttons-Mobile-Chrome/video.webm]]

[[ATTACHMENT|test-results/enhanced-patient-workspace-5d15e-esting-Test-Add-New-Buttons-Mobile-Chrome/error-context.md]]
]]>
</system-out>
</testcase>
<testcase name="Enhanced Patient Workspace Orders Tab - Button Testing › Test View Toggle Buttons" classname="enhanced-patient-workspace-orders.test.ts" time="11.719">
<failure message="enhanced-patient-workspace-orders.test.ts:160:3 Test View Toggle Buttons" type="FAILURE">
<![CDATA[  [Mobile Chrome] › enhanced-patient-workspace-orders.test.ts:160:3 › Enhanced Patient Workspace Orders Tab - Button Testing › Test View Toggle Buttons 

    TimeoutError: page.waitForSelector: Timeout 10000ms exceeded.
    Call log:
      - waiting for locator('[data-testid="orders-tab"], .tabs-content, [role="tabpanel"]') to be visible


      10 |     
      11 |     // Wait for the orders tab to be visible
    > 12 |     await page.waitForSelector('[data-testid="orders-tab"], .tabs-content, [role="tabpanel"]', { timeout: 10000 });
         |                ^
      13 |   });
      14 |
      15 |   test('Test Prescription Action Buttons', async ({ page }) => {
        at /Users/lacbis/Med flow/medi-flow-b920c902/src/tests/e2e/enhanced-patient-workspace-orders.test.ts:12:16

    attachment #1: screenshot (image/png) ──────────────────────────────────────────────────────────
    ../../../test-results/enhanced-patient-workspace-64b12-ng-Test-View-Toggle-Buttons-Mobile-Chrome/test-failed-1.png
    ────────────────────────────────────────────────────────────────────────────────────────────────

    attachment #2: video (video/webm) ──────────────────────────────────────────────────────────────
    ../../../test-results/enhanced-patient-workspace-64b12-ng-Test-View-Toggle-Buttons-Mobile-Chrome/video.webm
    ────────────────────────────────────────────────────────────────────────────────────────────────

    Error Context: ../../../test-results/enhanced-patient-workspace-64b12-ng-Test-View-Toggle-Buttons-Mobile-Chrome/error-context.md
]]>
</failure>
<system-out>
<![CDATA[
[[ATTACHMENT|test-results/enhanced-patient-workspace-64b12-ng-Test-View-Toggle-Buttons-Mobile-Chrome/test-failed-1.png]]

[[ATTACHMENT|test-results/enhanced-patient-workspace-64b12-ng-Test-View-Toggle-Buttons-Mobile-Chrome/video.webm]]

[[ATTACHMENT|test-results/enhanced-patient-workspace-64b12-ng-Test-View-Toggle-Buttons-Mobile-Chrome/error-context.md]]
]]>
</system-out>
</testcase>
<testcase name="Enhanced Patient Workspace Orders Tab - Button Testing › Test Status Filter Buttons" classname="enhanced-patient-workspace-orders.test.ts" time="11.43">
<failure message="enhanced-patient-workspace-orders.test.ts:169:3 Test Status Filter Buttons" type="FAILURE">
<![CDATA[  [Mobile Chrome] › enhanced-patient-workspace-orders.test.ts:169:3 › Enhanced Patient Workspace Orders Tab - Button Testing › Test Status Filter Buttons 

    TimeoutError: page.waitForSelector: Timeout 10000ms exceeded.
    Call log:
      - waiting for locator('[data-testid="orders-tab"], .tabs-content, [role="tabpanel"]') to be visible


      10 |     
      11 |     // Wait for the orders tab to be visible
    > 12 |     await page.waitForSelector('[data-testid="orders-tab"], .tabs-content, [role="tabpanel"]', { timeout: 10000 });
         |                ^
      13 |   });
      14 |
      15 |   test('Test Prescription Action Buttons', async ({ page }) => {
        at /Users/lacbis/Med flow/medi-flow-b920c902/src/tests/e2e/enhanced-patient-workspace-orders.test.ts:12:16

    attachment #1: screenshot (image/png) ──────────────────────────────────────────────────────────
    ../../../test-results/enhanced-patient-workspace-cde49--Test-Status-Filter-Buttons-Mobile-Chrome/test-failed-1.png
    ────────────────────────────────────────────────────────────────────────────────────────────────

    attachment #2: video (video/webm) ──────────────────────────────────────────────────────────────
    ../../../test-results/enhanced-patient-workspace-cde49--Test-Status-Filter-Buttons-Mobile-Chrome/video.webm
    ────────────────────────────────────────────────────────────────────────────────────────────────

    Error Context: ../../../test-results/enhanced-patient-workspace-cde49--Test-Status-Filter-Buttons-Mobile-Chrome/error-context.md
]]>
</failure>
<system-out>
<![CDATA[
[[ATTACHMENT|test-results/enhanced-patient-workspace-cde49--Test-Status-Filter-Buttons-Mobile-Chrome/test-failed-1.png]]

[[ATTACHMENT|test-results/enhanced-patient-workspace-cde49--Test-Status-Filter-Buttons-Mobile-Chrome/video.webm]]

[[ATTACHMENT|test-results/enhanced-patient-workspace-cde49--Test-Status-Filter-Buttons-Mobile-Chrome/error-context.md]]
]]>
</system-out>
</testcase>
<testcase name="Enhanced Patient Workspace Orders Tab - Button Testing › Test Search and Filter Buttons" classname="enhanced-patient-workspace-orders.test.ts" time="11.825">
<failure message="enhanced-patient-workspace-orders.test.ts:178:3 Test Search and Filter Buttons" type="FAILURE">
<![CDATA[  [Mobile Chrome] › enhanced-patient-workspace-orders.test.ts:178:3 › Enhanced Patient Workspace Orders Tab - Button Testing › Test Search and Filter Buttons 

    TimeoutError: page.waitForSelector: Timeout 10000ms exceeded.
    Call log:
      - waiting for locator('[data-testid="orders-tab"], .tabs-content, [role="tabpanel"]') to be visible


      10 |     
      11 |     // Wait for the orders tab to be visible
    > 12 |     await page.waitForSelector('[data-testid="orders-tab"], .tabs-content, [role="tabpanel"]', { timeout: 10000 });
         |                ^
      13 |   });
      14 |
      15 |   test('Test Prescription Action Buttons', async ({ page }) => {
        at /Users/lacbis/Med flow/medi-flow-b920c902/src/tests/e2e/enhanced-patient-workspace-orders.test.ts:12:16

    attachment #1: screenshot (image/png) ──────────────────────────────────────────────────────────
    ../../../test-results/enhanced-patient-workspace-fef1d-t-Search-and-Filter-Buttons-Mobile-Chrome/test-failed-1.png
    ────────────────────────────────────────────────────────────────────────────────────────────────

    attachment #2: video (video/webm) ──────────────────────────────────────────────────────────────
    ../../../test-results/enhanced-patient-workspace-fef1d-t-Search-and-Filter-Buttons-Mobile-Chrome/video.webm
    ────────────────────────────────────────────────────────────────────────────────────────────────

    Error Context: ../../../test-results/enhanced-patient-workspace-fef1d-t-Search-and-Filter-Buttons-Mobile-Chrome/error-context.md
]]>
</failure>
<system-out>
<![CDATA[
[[ATTACHMENT|test-results/enhanced-patient-workspace-fef1d-t-Search-and-Filter-Buttons-Mobile-Chrome/test-failed-1.png]]

[[ATTACHMENT|test-results/enhanced-patient-workspace-fef1d-t-Search-and-Filter-Buttons-Mobile-Chrome/video.webm]]

[[ATTACHMENT|test-results/enhanced-patient-workspace-fef1d-t-Search-and-Filter-Buttons-Mobile-Chrome/error-context.md]]
]]>
</system-out>
</testcase>
<testcase name="Enhanced Patient Workspace Orders Tab - Button Testing › Test All Interactive Elements" classname="enhanced-patient-workspace-orders.test.ts" time="11.544">
<failure message="enhanced-patient-workspace-orders.test.ts:195:3 Test All Interactive Elements" type="FAILURE">
<![CDATA[  [Mobile Chrome] › enhanced-patient-workspace-orders.test.ts:195:3 › Enhanced Patient Workspace Orders Tab - Button Testing › Test All Interactive Elements 

    TimeoutError: page.waitForSelector: Timeout 10000ms exceeded.
    Call log:
      - waiting for locator('[data-testid="orders-tab"], .tabs-content, [role="tabpanel"]') to be visible


      10 |     
      11 |     // Wait for the orders tab to be visible
    > 12 |     await page.waitForSelector('[data-testid="orders-tab"], .tabs-content, [role="tabpanel"]', { timeout: 10000 });
         |                ^
      13 |   });
      14 |
      15 |   test('Test Prescription Action Buttons', async ({ page }) => {
        at /Users/lacbis/Med flow/medi-flow-b920c902/src/tests/e2e/enhanced-patient-workspace-orders.test.ts:12:16

    attachment #1: screenshot (image/png) ──────────────────────────────────────────────────────────
    ../../../test-results/enhanced-patient-workspace-ade19-st-All-Interactive-Elements-Mobile-Chrome/test-failed-1.png
    ────────────────────────────────────────────────────────────────────────────────────────────────

    attachment #2: video (video/webm) ──────────────────────────────────────────────────────────────
    ../../../test-results/enhanced-patient-workspace-ade19-st-All-Interactive-Elements-Mobile-Chrome/video.webm
    ────────────────────────────────────────────────────────────────────────────────────────────────

    Error Context: ../../../test-results/enhanced-patient-workspace-ade19-st-All-Interactive-Elements-Mobile-Chrome/error-context.md
]]>
</failure>
<system-out>
<![CDATA[
[[ATTACHMENT|test-results/enhanced-patient-workspace-ade19-st-All-Interactive-Elements-Mobile-Chrome/test-failed-1.png]]

[[ATTACHMENT|test-results/enhanced-patient-workspace-ade19-st-All-Interactive-Elements-Mobile-Chrome/video.webm]]

[[ATTACHMENT|test-results/enhanced-patient-workspace-ade19-st-All-Interactive-Elements-Mobile-Chrome/error-context.md]]
]]>
</system-out>
</testcase>
</testsuite>
<testsuite name="enhanced-patient-workspace-orders.test.ts" timestamp="2025-10-18T13:47:43.230Z" hostname="Mobile Safari" tests="10" failures="10" skipped="0" time="113.651" errors="0">
<testcase name="Enhanced Patient Workspace Orders Tab - Button Testing › Test Prescription Action Buttons" classname="enhanced-patient-workspace-orders.test.ts" time="11.608">
<failure message="enhanced-patient-workspace-orders.test.ts:15:3 Test Prescription Action Buttons" type="FAILURE">
<![CDATA[  [Mobile Safari] › enhanced-patient-workspace-orders.test.ts:15:3 › Enhanced Patient Workspace Orders Tab - Button Testing › Test Prescription Action Buttons 

    TimeoutError: page.waitForSelector: Timeout 10000ms exceeded.
    Call log:
      - waiting for locator('[data-testid="orders-tab"], .tabs-content, [role="tabpanel"]') to be visible


      10 |     
      11 |     // Wait for the orders tab to be visible
    > 12 |     await page.waitForSelector('[data-testid="orders-tab"], .tabs-content, [role="tabpanel"]', { timeout: 10000 });
         |                ^
      13 |   });
      14 |
      15 |   test('Test Prescription Action Buttons', async ({ page }) => {
        at /Users/lacbis/Med flow/medi-flow-b920c902/src/tests/e2e/enhanced-patient-workspace-orders.test.ts:12:16

    attachment #1: screenshot (image/png) ──────────────────────────────────────────────────────────
    ../../../test-results/enhanced-patient-workspace-20c82-Prescription-Action-Buttons-Mobile-Safari/test-failed-1.png
    ────────────────────────────────────────────────────────────────────────────────────────────────

    attachment #2: video (video/webm) ──────────────────────────────────────────────────────────────
    ../../../test-results/enhanced-patient-workspace-20c82-Prescription-Action-Buttons-Mobile-Safari/video.webm
    ────────────────────────────────────────────────────────────────────────────────────────────────

    Error Context: ../../../test-results/enhanced-patient-workspace-20c82-Prescription-Action-Buttons-Mobile-Safari/error-context.md
]]>
</failure>
<system-out>
<![CDATA[
[[ATTACHMENT|test-results/enhanced-patient-workspace-20c82-Prescription-Action-Buttons-Mobile-Safari/test-failed-1.png]]

[[ATTACHMENT|test-results/enhanced-patient-workspace-20c82-Prescription-Action-Buttons-Mobile-Safari/video.webm]]

[[ATTACHMENT|test-results/enhanced-patient-workspace-20c82-Prescription-Action-Buttons-Mobile-Safari/error-context.md]]
]]>
</system-out>
</testcase>
<testcase name="Enhanced Patient Workspace Orders Tab - Button Testing › Test Lab Order Action Buttons" classname="enhanced-patient-workspace-orders.test.ts" time="11.607">
<failure message="enhanced-patient-workspace-orders.test.ts:50:3 Test Lab Order Action Buttons" type="FAILURE">
<![CDATA[  [Mobile Safari] › enhanced-patient-workspace-orders.test.ts:50:3 › Enhanced Patient Workspace Orders Tab - Button Testing › Test Lab Order Action Buttons 

    TimeoutError: page.waitForSelector: Timeout 10000ms exceeded.
    Call log:
      - waiting for locator('[data-testid="orders-tab"], .tabs-content, [role="tabpanel"]') to be visible


      10 |     
      11 |     // Wait for the orders tab to be visible
    > 12 |     await page.waitForSelector('[data-testid="orders-tab"], .tabs-content, [role="tabpanel"]', { timeout: 10000 });
         |                ^
      13 |   });
      14 |
      15 |   test('Test Prescription Action Buttons', async ({ page }) => {
        at /Users/lacbis/Med flow/medi-flow-b920c902/src/tests/e2e/enhanced-patient-workspace-orders.test.ts:12:16

    attachment #1: screenshot (image/png) ──────────────────────────────────────────────────────────
    ../../../test-results/enhanced-patient-workspace-95f2c-st-Lab-Order-Action-Buttons-Mobile-Safari/test-failed-1.png
    ────────────────────────────────────────────────────────────────────────────────────────────────

    attachment #2: video (video/webm) ──────────────────────────────────────────────────────────────
    ../../../test-results/enhanced-patient-workspace-95f2c-st-Lab-Order-Action-Buttons-Mobile-Safari/video.webm
    ────────────────────────────────────────────────────────────────────────────────────────────────

    Error Context: ../../../test-results/enhanced-patient-workspace-95f2c-st-Lab-Order-Action-Buttons-Mobile-Safari/error-context.md
]]>
</failure>
<system-out>
<![CDATA[
[[ATTACHMENT|test-results/enhanced-patient-workspace-95f2c-st-Lab-Order-Action-Buttons-Mobile-Safari/test-failed-1.png]]

[[ATTACHMENT|test-results/enhanced-patient-workspace-95f2c-st-Lab-Order-Action-Buttons-Mobile-Safari/video.webm]]

[[ATTACHMENT|test-results/enhanced-patient-workspace-95f2c-st-Lab-Order-Action-Buttons-Mobile-Safari/error-context.md]]
]]>
</system-out>
</testcase>
<testcase name="Enhanced Patient Workspace Orders Tab - Button Testing › Test Workspace Navigation Buttons" classname="enhanced-patient-workspace-orders.test.ts" time="11.221">
<failure message="enhanced-patient-workspace-orders.test.ts:83:3 Test Workspace Navigation Buttons" type="FAILURE">
<![CDATA[  [Mobile Safari] › enhanced-patient-workspace-orders.test.ts:83:3 › Enhanced Patient Workspace Orders Tab - Button Testing › Test Workspace Navigation Buttons 

    TimeoutError: page.waitForSelector: Timeout 10000ms exceeded.
    Call log:
      - waiting for locator('[data-testid="orders-tab"], .tabs-content, [role="tabpanel"]') to be visible


      10 |     
      11 |     // Wait for the orders tab to be visible
    > 12 |     await page.waitForSelector('[data-testid="orders-tab"], .tabs-content, [role="tabpanel"]', { timeout: 10000 });
         |                ^
      13 |   });
      14 |
      15 |   test('Test Prescription Action Buttons', async ({ page }) => {
        at /Users/lacbis/Med flow/medi-flow-b920c902/src/tests/e2e/enhanced-patient-workspace-orders.test.ts:12:16

    attachment #1: screenshot (image/png) ──────────────────────────────────────────────────────────
    ../../../test-results/enhanced-patient-workspace-f7824-orkspace-Navigation-Buttons-Mobile-Safari/test-failed-1.png
    ────────────────────────────────────────────────────────────────────────────────────────────────

    attachment #2: video (video/webm) ──────────────────────────────────────────────────────────────
    ../../../test-results/enhanced-patient-workspace-f7824-orkspace-Navigation-Buttons-Mobile-Safari/video.webm
    ────────────────────────────────────────────────────────────────────────────────────────────────

    Error Context: ../../../test-results/enhanced-patient-workspace-f7824-orkspace-Navigation-Buttons-Mobile-Safari/error-context.md
]]>
</failure>
<system-out>
<![CDATA[
[[ATTACHMENT|test-results/enhanced-patient-workspace-f7824-orkspace-Navigation-Buttons-Mobile-Safari/test-failed-1.png]]

[[ATTACHMENT|test-results/enhanced-patient-workspace-f7824-orkspace-Navigation-Buttons-Mobile-Safari/video.webm]]

[[ATTACHMENT|test-results/enhanced-patient-workspace-f7824-orkspace-Navigation-Buttons-Mobile-Safari/error-context.md]]
]]>
</system-out>
</testcase>
<testcase name="Enhanced Patient Workspace Orders Tab - Button Testing › Test Quick Action Buttons" classname="enhanced-patient-workspace-orders.test.ts" time="11.178">
<failure message="enhanced-patient-workspace-orders.test.ts:102:3 Test Quick Action Buttons" type="FAILURE">
<![CDATA[  [Mobile Safari] › enhanced-patient-workspace-orders.test.ts:102:3 › Enhanced Patient Workspace Orders Tab - Button Testing › Test Quick Action Buttons 

    TimeoutError: page.waitForSelector: Timeout 10000ms exceeded.
    Call log:
      - waiting for locator('[data-testid="orders-tab"], .tabs-content, [role="tabpanel"]') to be visible


      10 |     
      11 |     // Wait for the orders tab to be visible
    > 12 |     await page.waitForSelector('[data-testid="orders-tab"], .tabs-content, [role="tabpanel"]', { timeout: 10000 });
         |                ^
      13 |   });
      14 |
      15 |   test('Test Prescription Action Buttons', async ({ page }) => {
        at /Users/lacbis/Med flow/medi-flow-b920c902/src/tests/e2e/enhanced-patient-workspace-orders.test.ts:12:16

    attachment #1: screenshot (image/png) ──────────────────────────────────────────────────────────
    ../../../test-results/enhanced-patient-workspace-f48f8-g-Test-Quick-Action-Buttons-Mobile-Safari/test-failed-1.png
    ────────────────────────────────────────────────────────────────────────────────────────────────

    attachment #2: video (video/webm) ──────────────────────────────────────────────────────────────
    ../../../test-results/enhanced-patient-workspace-f48f8-g-Test-Quick-Action-Buttons-Mobile-Safari/video.webm
    ────────────────────────────────────────────────────────────────────────────────────────────────

    Error Context: ../../../test-results/enhanced-patient-workspace-f48f8-g-Test-Quick-Action-Buttons-Mobile-Safari/error-context.md
]]>
</failure>
<system-out>
<![CDATA[
[[ATTACHMENT|test-results/enhanced-patient-workspace-f48f8-g-Test-Quick-Action-Buttons-Mobile-Safari/test-failed-1.png]]

[[ATTACHMENT|test-results/enhanced-patient-workspace-f48f8-g-Test-Quick-Action-Buttons-Mobile-Safari/video.webm]]

[[ATTACHMENT|test-results/enhanced-patient-workspace-f48f8-g-Test-Quick-Action-Buttons-Mobile-Safari/error-context.md]]
]]>
</system-out>
</testcase>
<testcase name="Enhanced Patient Workspace Orders Tab - Button Testing › Test Patient Summary Action Buttons" classname="enhanced-patient-workspace-orders.test.ts" time="11.393">
<failure message="enhanced-patient-workspace-orders.test.ts:125:3 Test Patient Summary Action Buttons" type="FAILURE">
<![CDATA[  [Mobile Safari] › enhanced-patient-workspace-orders.test.ts:125:3 › Enhanced Patient Workspace Orders Tab - Button Testing › Test Patient Summary Action Buttons 

    TimeoutError: page.waitForSelector: Timeout 10000ms exceeded.
    Call log:
      - waiting for locator('[data-testid="orders-tab"], .tabs-content, [role="tabpanel"]') to be visible


      10 |     
      11 |     // Wait for the orders tab to be visible
    > 12 |     await page.waitForSelector('[data-testid="orders-tab"], .tabs-content, [role="tabpanel"]', { timeout: 10000 });
         |                ^
      13 |   });
      14 |
      15 |   test('Test Prescription Action Buttons', async ({ page }) => {
        at /Users/lacbis/Med flow/medi-flow-b920c902/src/tests/e2e/enhanced-patient-workspace-orders.test.ts:12:16

    attachment #1: screenshot (image/png) ──────────────────────────────────────────────────────────
    ../../../test-results/enhanced-patient-workspace-af0f7-ient-Summary-Action-Buttons-Mobile-Safari/test-failed-1.png
    ────────────────────────────────────────────────────────────────────────────────────────────────

    attachment #2: video (video/webm) ──────────────────────────────────────────────────────────────
    ../../../test-results/enhanced-patient-workspace-af0f7-ient-Summary-Action-Buttons-Mobile-Safari/video.webm
    ────────────────────────────────────────────────────────────────────────────────────────────────

    Error Context: ../../../test-results/enhanced-patient-workspace-af0f7-ient-Summary-Action-Buttons-Mobile-Safari/error-context.md
]]>
</failure>
<system-out>
<![CDATA[
[[ATTACHMENT|test-results/enhanced-patient-workspace-af0f7-ient-Summary-Action-Buttons-Mobile-Safari/test-failed-1.png]]

[[ATTACHMENT|test-results/enhanced-patient-workspace-af0f7-ient-Summary-Action-Buttons-Mobile-Safari/video.webm]]

[[ATTACHMENT|test-results/enhanced-patient-workspace-af0f7-ient-Summary-Action-Buttons-Mobile-Safari/error-context.md]]
]]>
</system-out>
</testcase>
<testcase name="Enhanced Patient Workspace Orders Tab - Button Testing › Test Add New Buttons" classname="enhanced-patient-workspace-orders.test.ts" time="11.377">
<failure message="enhanced-patient-workspace-orders.test.ts:142:3 Test Add New Buttons" type="FAILURE">
<![CDATA[  [Mobile Safari] › enhanced-patient-workspace-orders.test.ts:142:3 › Enhanced Patient Workspace Orders Tab - Button Testing › Test Add New Buttons 

    TimeoutError: page.waitForSelector: Timeout 10000ms exceeded.
    Call log:
      - waiting for locator('[data-testid="orders-tab"], .tabs-content, [role="tabpanel"]') to be visible


      10 |     
      11 |     // Wait for the orders tab to be visible
    > 12 |     await page.waitForSelector('[data-testid="orders-tab"], .tabs-content, [role="tabpanel"]', { timeout: 10000 });
         |                ^
      13 |   });
      14 |
      15 |   test('Test Prescription Action Buttons', async ({ page }) => {
        at /Users/lacbis/Med flow/medi-flow-b920c902/src/tests/e2e/enhanced-patient-workspace-orders.test.ts:12:16

    attachment #1: screenshot (image/png) ──────────────────────────────────────────────────────────
    ../../../test-results/enhanced-patient-workspace-5d15e-esting-Test-Add-New-Buttons-Mobile-Safari/test-failed-1.png
    ────────────────────────────────────────────────────────────────────────────────────────────────

    attachment #2: video (video/webm) ──────────────────────────────────────────────────────────────
    ../../../test-results/enhanced-patient-workspace-5d15e-esting-Test-Add-New-Buttons-Mobile-Safari/video.webm
    ────────────────────────────────────────────────────────────────────────────────────────────────

    Error Context: ../../../test-results/enhanced-patient-workspace-5d15e-esting-Test-Add-New-Buttons-Mobile-Safari/error-context.md
]]>
</failure>
<system-out>
<![CDATA[
[[ATTACHMENT|test-results/enhanced-patient-workspace-5d15e-esting-Test-Add-New-Buttons-Mobile-Safari/test-failed-1.png]]

[[ATTACHMENT|test-results/enhanced-patient-workspace-5d15e-esting-Test-Add-New-Buttons-Mobile-Safari/video.webm]]

[[ATTACHMENT|test-results/enhanced-patient-workspace-5d15e-esting-Test-Add-New-Buttons-Mobile-Safari/error-context.md]]
]]>
</system-out>
</testcase>
<testcase name="Enhanced Patient Workspace Orders Tab - Button Testing › Test View Toggle Buttons" classname="enhanced-patient-workspace-orders.test.ts" time="11.35">
<failure message="enhanced-patient-workspace-orders.test.ts:160:3 Test View Toggle Buttons" type="FAILURE">
<![CDATA[  [Mobile Safari] › enhanced-patient-workspace-orders.test.ts:160:3 › Enhanced Patient Workspace Orders Tab - Button Testing › Test View Toggle Buttons 

    TimeoutError: page.waitForSelector: Timeout 10000ms exceeded.
    Call log:
      - waiting for locator('[data-testid="orders-tab"], .tabs-content, [role="tabpanel"]') to be visible


      10 |     
      11 |     // Wait for the orders tab to be visible
    > 12 |     await page.waitForSelector('[data-testid="orders-tab"], .tabs-content, [role="tabpanel"]', { timeout: 10000 });
         |                ^
      13 |   });
      14 |
      15 |   test('Test Prescription Action Buttons', async ({ page }) => {
        at /Users/lacbis/Med flow/medi-flow-b920c902/src/tests/e2e/enhanced-patient-workspace-orders.test.ts:12:16

    attachment #1: screenshot (image/png) ──────────────────────────────────────────────────────────
    ../../../test-results/enhanced-patient-workspace-64b12-ng-Test-View-Toggle-Buttons-Mobile-Safari/test-failed-1.png
    ────────────────────────────────────────────────────────────────────────────────────────────────

    attachment #2: video (video/webm) ──────────────────────────────────────────────────────────────
    ../../../test-results/enhanced-patient-workspace-64b12-ng-Test-View-Toggle-Buttons-Mobile-Safari/video.webm
    ────────────────────────────────────────────────────────────────────────────────────────────────

    Error Context: ../../../test-results/enhanced-patient-workspace-64b12-ng-Test-View-Toggle-Buttons-Mobile-Safari/error-context.md
]]>
</failure>
<system-out>
<![CDATA[
[[ATTACHMENT|test-results/enhanced-patient-workspace-64b12-ng-Test-View-Toggle-Buttons-Mobile-Safari/test-failed-1.png]]

[[ATTACHMENT|test-results/enhanced-patient-workspace-64b12-ng-Test-View-Toggle-Buttons-Mobile-Safari/video.webm]]

[[ATTACHMENT|test-results/enhanced-patient-workspace-64b12-ng-Test-View-Toggle-Buttons-Mobile-Safari/error-context.md]]
]]>
</system-out>
</testcase>
<testcase name="Enhanced Patient Workspace Orders Tab - Button Testing › Test Status Filter Buttons" classname="enhanced-patient-workspace-orders.test.ts" time="11.264">
<failure message="enhanced-patient-workspace-orders.test.ts:169:3 Test Status Filter Buttons" type="FAILURE">
<![CDATA[  [Mobile Safari] › enhanced-patient-workspace-orders.test.ts:169:3 › Enhanced Patient Workspace Orders Tab - Button Testing › Test Status Filter Buttons 

    TimeoutError: page.waitForSelector: Timeout 10000ms exceeded.
    Call log:
      - waiting for locator('[data-testid="orders-tab"], .tabs-content, [role="tabpanel"]') to be visible


      10 |     
      11 |     // Wait for the orders tab to be visible
    > 12 |     await page.waitForSelector('[data-testid="orders-tab"], .tabs-content, [role="tabpanel"]', { timeout: 10000 });
         |                ^
      13 |   });
      14 |
      15 |   test('Test Prescription Action Buttons', async ({ page }) => {
        at /Users/lacbis/Med flow/medi-flow-b920c902/src/tests/e2e/enhanced-patient-workspace-orders.test.ts:12:16

    attachment #1: screenshot (image/png) ──────────────────────────────────────────────────────────
    ../../../test-results/enhanced-patient-workspace-cde49--Test-Status-Filter-Buttons-Mobile-Safari/test-failed-1.png
    ────────────────────────────────────────────────────────────────────────────────────────────────

    attachment #2: video (video/webm) ──────────────────────────────────────────────────────────────
    ../../../test-results/enhanced-patient-workspace-cde49--Test-Status-Filter-Buttons-Mobile-Safari/video.webm
    ────────────────────────────────────────────────────────────────────────────────────────────────

    Error Context: ../../../test-results/enhanced-patient-workspace-cde49--Test-Status-Filter-Buttons-Mobile-Safari/error-context.md
]]>
</failure>
<system-out>
<![CDATA[
[[ATTACHMENT|test-results/enhanced-patient-workspace-cde49--Test-Status-Filter-Buttons-Mobile-Safari/test-failed-1.png]]

[[ATTACHMENT|test-results/enhanced-patient-workspace-cde49--Test-Status-Filter-Buttons-Mobile-Safari/video.webm]]

[[ATTACHMENT|test-results/enhanced-patient-workspace-cde49--Test-Status-Filter-Buttons-Mobile-Safari/error-context.md]]
]]>
</system-out>
</testcase>
<testcase name="Enhanced Patient Workspace Orders Tab - Button Testing › Test Search and Filter Buttons" classname="enhanced-patient-workspace-orders.test.ts" time="11.483">
<failure message="enhanced-patient-workspace-orders.test.ts:178:3 Test Search and Filter Buttons" type="FAILURE">
<![CDATA[  [Mobile Safari] › enhanced-patient-workspace-orders.test.ts:178:3 › Enhanced Patient Workspace Orders Tab - Button Testing › Test Search and Filter Buttons 

    TimeoutError: page.waitForSelector: Timeout 10000ms exceeded.
    Call log:
      - waiting for locator('[data-testid="orders-tab"], .tabs-content, [role="tabpanel"]') to be visible


      10 |     
      11 |     // Wait for the orders tab to be visible
    > 12 |     await page.waitForSelector('[data-testid="orders-tab"], .tabs-content, [role="tabpanel"]', { timeout: 10000 });
         |                ^
      13 |   });
      14 |
      15 |   test('Test Prescription Action Buttons', async ({ page }) => {
        at /Users/lacbis/Med flow/medi-flow-b920c902/src/tests/e2e/enhanced-patient-workspace-orders.test.ts:12:16

    attachment #1: screenshot (image/png) ──────────────────────────────────────────────────────────
    ../../../test-results/enhanced-patient-workspace-fef1d-t-Search-and-Filter-Buttons-Mobile-Safari/test-failed-1.png
    ────────────────────────────────────────────────────────────────────────────────────────────────

    attachment #2: video (video/webm) ──────────────────────────────────────────────────────────────
    ../../../test-results/enhanced-patient-workspace-fef1d-t-Search-and-Filter-Buttons-Mobile-Safari/video.webm
    ────────────────────────────────────────────────────────────────────────────────────────────────

    Error Context: ../../../test-results/enhanced-patient-workspace-fef1d-t-Search-and-Filter-Buttons-Mobile-Safari/error-context.md
]]>
</failure>
<system-out>
<![CDATA[
[[ATTACHMENT|test-results/enhanced-patient-workspace-fef1d-t-Search-and-Filter-Buttons-Mobile-Safari/test-failed-1.png]]

[[ATTACHMENT|test-results/enhanced-patient-workspace-fef1d-t-Search-and-Filter-Buttons-Mobile-Safari/video.webm]]

[[ATTACHMENT|test-results/enhanced-patient-workspace-fef1d-t-Search-and-Filter-Buttons-Mobile-Safari/error-context.md]]
]]>
</system-out>
</testcase>
<testcase name="Enhanced Patient Workspace Orders Tab - Button Testing › Test All Interactive Elements" classname="enhanced-patient-workspace-orders.test.ts" time="11.17">
<failure message="enhanced-patient-workspace-orders.test.ts:195:3 Test All Interactive Elements" type="FAILURE">
<![CDATA[  [Mobile Safari] › enhanced-patient-workspace-orders.test.ts:195:3 › Enhanced Patient Workspace Orders Tab - Button Testing › Test All Interactive Elements 

    TimeoutError: page.waitForSelector: Timeout 10000ms exceeded.
    Call log:
      - waiting for locator('[data-testid="orders-tab"], .tabs-content, [role="tabpanel"]') to be visible


      10 |     
      11 |     // Wait for the orders tab to be visible
    > 12 |     await page.waitForSelector('[data-testid="orders-tab"], .tabs-content, [role="tabpanel"]', { timeout: 10000 });
         |                ^
      13 |   });
      14 |
      15 |   test('Test Prescription Action Buttons', async ({ page }) => {
        at /Users/lacbis/Med flow/medi-flow-b920c902/src/tests/e2e/enhanced-patient-workspace-orders.test.ts:12:16

    attachment #1: screenshot (image/png) ──────────────────────────────────────────────────────────
    ../../../test-results/enhanced-patient-workspace-ade19-st-All-Interactive-Elements-Mobile-Safari/test-failed-1.png
    ────────────────────────────────────────────────────────────────────────────────────────────────

    attachment #2: video (video/webm) ──────────────────────────────────────────────────────────────
    ../../../test-results/enhanced-patient-workspace-ade19-st-All-Interactive-Elements-Mobile-Safari/video.webm
    ────────────────────────────────────────────────────────────────────────────────────────────────

    Error Context: ../../../test-results/enhanced-patient-workspace-ade19-st-All-Interactive-Elements-Mobile-Safari/error-context.md
]]>
</failure>
<system-out>
<![CDATA[
[[ATTACHMENT|test-results/enhanced-patient-workspace-ade19-st-All-Interactive-Elements-Mobile-Safari/test-failed-1.png]]

[[ATTACHMENT|test-results/enhanced-patient-workspace-ade19-st-All-Interactive-Elements-Mobile-Safari/video.webm]]

[[ATTACHMENT|test-results/enhanced-patient-workspace-ade19-st-All-Interactive-Elements-Mobile-Safari/error-context.md]]
]]>
</system-out>
</testcase>
</testsuite>
<testsuite name="enhanced-patient-workspace-orders.test.ts" timestamp="2025-10-18T13:47:43.230Z" hostname="Tablet Chrome" tests="10" failures="10" skipped="0" time="82.713" errors="0">
<testcase name="Enhanced Patient Workspace Orders Tab - Button Testing › Test Prescription Action Buttons" classname="enhanced-patient-workspace-orders.test.ts" time="12.252">
<failure message="enhanced-patient-workspace-orders.test.ts:15:3 Test Prescription Action Buttons" type="FAILURE">
<![CDATA[  [Tablet Chrome] › enhanced-patient-workspace-orders.test.ts:15:3 › Enhanced Patient Workspace Orders Tab - Button Testing › Test Prescription Action Buttons 

    TimeoutError: page.waitForSelector: Timeout 10000ms exceeded.
    Call log:
      - waiting for locator('[data-testid="orders-tab"], .tabs-content, [role="tabpanel"]') to be visible


      10 |     
      11 |     // Wait for the orders tab to be visible
    > 12 |     await page.waitForSelector('[data-testid="orders-tab"], .tabs-content, [role="tabpanel"]', { timeout: 10000 });
         |                ^
      13 |   });
      14 |
      15 |   test('Test Prescription Action Buttons', async ({ page }) => {
        at /Users/lacbis/Med flow/medi-flow-b920c902/src/tests/e2e/enhanced-patient-workspace-orders.test.ts:12:16

    attachment #1: screenshot (image/png) ──────────────────────────────────────────────────────────
    ../../../test-results/enhanced-patient-workspace-20c82-Prescription-Action-Buttons-Tablet-Chrome/test-failed-1.png
    ────────────────────────────────────────────────────────────────────────────────────────────────

    attachment #2: video (video/webm) ──────────────────────────────────────────────────────────────
    ../../../test-results/enhanced-patient-workspace-20c82-Prescription-Action-Buttons-Tablet-Chrome/video.webm
    ────────────────────────────────────────────────────────────────────────────────────────────────

    Error Context: ../../../test-results/enhanced-patient-workspace-20c82-Prescription-Action-Buttons-Tablet-Chrome/error-context.md
]]>
</failure>
<system-out>
<![CDATA[
[[ATTACHMENT|test-results/enhanced-patient-workspace-20c82-Prescription-Action-Buttons-Tablet-Chrome/test-failed-1.png]]

[[ATTACHMENT|test-results/enhanced-patient-workspace-20c82-Prescription-Action-Buttons-Tablet-Chrome/video.webm]]

[[ATTACHMENT|test-results/enhanced-patient-workspace-20c82-Prescription-Action-Buttons-Tablet-Chrome/error-context.md]]
]]>
</system-out>
</testcase>
<testcase name="Enhanced Patient Workspace Orders Tab - Button Testing › Test Lab Order Action Buttons" classname="enhanced-patient-workspace-orders.test.ts" time="12.11">
<failure message="enhanced-patient-workspace-orders.test.ts:50:3 Test Lab Order Action Buttons" type="FAILURE">
<![CDATA[  [Tablet Chrome] › enhanced-patient-workspace-orders.test.ts:50:3 › Enhanced Patient Workspace Orders Tab - Button Testing › Test Lab Order Action Buttons 

    TimeoutError: page.waitForSelector: Timeout 10000ms exceeded.
    Call log:
      - waiting for locator('[data-testid="orders-tab"], .tabs-content, [role="tabpanel"]') to be visible


      10 |     
      11 |     // Wait for the orders tab to be visible
    > 12 |     await page.waitForSelector('[data-testid="orders-tab"], .tabs-content, [role="tabpanel"]', { timeout: 10000 });
         |                ^
      13 |   });
      14 |
      15 |   test('Test Prescription Action Buttons', async ({ page }) => {
        at /Users/lacbis/Med flow/medi-flow-b920c902/src/tests/e2e/enhanced-patient-workspace-orders.test.ts:12:16

    attachment #1: screenshot (image/png) ──────────────────────────────────────────────────────────
    ../../../test-results/enhanced-patient-workspace-95f2c-st-Lab-Order-Action-Buttons-Tablet-Chrome/test-failed-1.png
    ────────────────────────────────────────────────────────────────────────────────────────────────

    attachment #2: video (video/webm) ──────────────────────────────────────────────────────────────
    ../../../test-results/enhanced-patient-workspace-95f2c-st-Lab-Order-Action-Buttons-Tablet-Chrome/video.webm
    ────────────────────────────────────────────────────────────────────────────────────────────────

    Error Context: ../../../test-results/enhanced-patient-workspace-95f2c-st-Lab-Order-Action-Buttons-Tablet-Chrome/error-context.md
]]>
</failure>
<system-out>
<![CDATA[
[[ATTACHMENT|test-results/enhanced-patient-workspace-95f2c-st-Lab-Order-Action-Buttons-Tablet-Chrome/test-failed-1.png]]

[[ATTACHMENT|test-results/enhanced-patient-workspace-95f2c-st-Lab-Order-Action-Buttons-Tablet-Chrome/video.webm]]

[[ATTACHMENT|test-results/enhanced-patient-workspace-95f2c-st-Lab-Order-Action-Buttons-Tablet-Chrome/error-context.md]]
]]>
</system-out>
</testcase>
<testcase name="Enhanced Patient Workspace Orders Tab - Button Testing › Test Workspace Navigation Buttons" classname="enhanced-patient-workspace-orders.test.ts" time="12.009">
<failure message="enhanced-patient-workspace-orders.test.ts:83:3 Test Workspace Navigation Buttons" type="FAILURE">
<![CDATA[  [Tablet Chrome] › enhanced-patient-workspace-orders.test.ts:83:3 › Enhanced Patient Workspace Orders Tab - Button Testing › Test Workspace Navigation Buttons 

    TimeoutError: page.waitForSelector: Timeout 10000ms exceeded.
    Call log:
      - waiting for locator('[data-testid="orders-tab"], .tabs-content, [role="tabpanel"]') to be visible


      10 |     
      11 |     // Wait for the orders tab to be visible
    > 12 |     await page.waitForSelector('[data-testid="orders-tab"], .tabs-content, [role="tabpanel"]', { timeout: 10000 });
         |                ^
      13 |   });
      14 |
      15 |   test('Test Prescription Action Buttons', async ({ page }) => {
        at /Users/lacbis/Med flow/medi-flow-b920c902/src/tests/e2e/enhanced-patient-workspace-orders.test.ts:12:16

    attachment #1: screenshot (image/png) ──────────────────────────────────────────────────────────
    ../../../test-results/enhanced-patient-workspace-f7824-orkspace-Navigation-Buttons-Tablet-Chrome/test-failed-1.png
    ────────────────────────────────────────────────────────────────────────────────────────────────

    attachment #2: video (video/webm) ──────────────────────────────────────────────────────────────
    ../../../test-results/enhanced-patient-workspace-f7824-orkspace-Navigation-Buttons-Tablet-Chrome/video.webm
    ────────────────────────────────────────────────────────────────────────────────────────────────

    Error Context: ../../../test-results/enhanced-patient-workspace-f7824-orkspace-Navigation-Buttons-Tablet-Chrome/error-context.md
]]>
</failure>
<system-out>
<![CDATA[
[[ATTACHMENT|test-results/enhanced-patient-workspace-f7824-orkspace-Navigation-Buttons-Tablet-Chrome/test-failed-1.png]]

[[ATTACHMENT|test-results/enhanced-patient-workspace-f7824-orkspace-Navigation-Buttons-Tablet-Chrome/video.webm]]

[[ATTACHMENT|test-results/enhanced-patient-workspace-f7824-orkspace-Navigation-Buttons-Tablet-Chrome/error-context.md]]
]]>
</system-out>
</testcase>
<testcase name="Enhanced Patient Workspace Orders Tab - Button Testing › Test Quick Action Buttons" classname="enhanced-patient-workspace-orders.test.ts" time="5.64">
<failure message="enhanced-patient-workspace-orders.test.ts:102:3 Test Quick Action Buttons" type="FAILURE">
<![CDATA[  [Tablet Chrome] › enhanced-patient-workspace-orders.test.ts:102:3 › Enhanced Patient Workspace Orders Tab - Button Testing › Test Quick Action Buttons 

    Error: page.waitForSelector: Target page, context or browser has been closed
    Call log:
      - waiting for locator('[data-testid="orders-tab"], .tabs-content, [role="tabpanel"]') to be visible


      10 |     
      11 |     // Wait for the orders tab to be visible
    > 12 |     await page.waitForSelector('[data-testid="orders-tab"], .tabs-content, [role="tabpanel"]', { timeout: 10000 });
         |                ^
      13 |   });
      14 |
      15 |   test('Test Prescription Action Buttons', async ({ page }) => {
        at /Users/lacbis/Med flow/medi-flow-b920c902/src/tests/e2e/enhanced-patient-workspace-orders.test.ts:12:16

    attachment #1: video (video/webm) ──────────────────────────────────────────────────────────────
    ../../../test-results/enhanced-patient-workspace-f48f8-g-Test-Quick-Action-Buttons-Tablet-Chrome/video.webm
    ────────────────────────────────────────────────────────────────────────────────────────────────
]]>
</failure>
<system-out>
<![CDATA[
[[ATTACHMENT|test-results/enhanced-patient-workspace-f48f8-g-Test-Quick-Action-Buttons-Tablet-Chrome/video.webm]]
]]>
</system-out>
</testcase>
<testcase name="Enhanced Patient Workspace Orders Tab - Button Testing › Test Patient Summary Action Buttons" classname="enhanced-patient-workspace-orders.test.ts" time="3.981">
<failure message="enhanced-patient-workspace-orders.test.ts:125:3 Test Patient Summary Action Buttons" type="FAILURE">
<![CDATA[  [Tablet Chrome] › enhanced-patient-workspace-orders.test.ts:125:3 › Enhanced Patient Workspace Orders Tab - Button Testing › Test Patient Summary Action Buttons 

    Error: page.waitForSelector: Target page, context or browser has been closed
    Call log:
      - waiting for locator('[data-testid="orders-tab"], .tabs-content, [role="tabpanel"]') to be visible


      10 |     
      11 |     // Wait for the orders tab to be visible
    > 12 |     await page.waitForSelector('[data-testid="orders-tab"], .tabs-content, [role="tabpanel"]', { timeout: 10000 });
         |                ^
      13 |   });
      14 |
      15 |   test('Test Prescription Action Buttons', async ({ page }) => {
        at /Users/lacbis/Med flow/medi-flow-b920c902/src/tests/e2e/enhanced-patient-workspace-orders.test.ts:12:16

    attachment #1: video (video/webm) ──────────────────────────────────────────────────────────────
    ../../../test-results/enhanced-patient-workspace-af0f7-ient-Summary-Action-Buttons-Tablet-Chrome/video.webm
    ────────────────────────────────────────────────────────────────────────────────────────────────
]]>
</failure>
<system-out>
<![CDATA[
[[ATTACHMENT|test-results/enhanced-patient-workspace-af0f7-ient-Summary-Action-Buttons-Tablet-Chrome/video.webm]]
]]>
</system-out>
</testcase>
<testcase name="Enhanced Patient Workspace Orders Tab - Button Testing › Test Add New Buttons" classname="enhanced-patient-workspace-orders.test.ts" time="0.581">
<failure message="enhanced-patient-workspace-orders.test.ts:142:3 Test Add New Buttons" type="FAILURE">
<![CDATA[  [Tablet Chrome] › enhanced-patient-workspace-orders.test.ts:142:3 › Enhanced Patient Workspace Orders Tab - Button Testing › Test Add New Buttons 

    Error: browserContext.newPage: Target page, context or browser has been closed
]]>
</failure>
</testcase>
<testcase name="Enhanced Patient Workspace Orders Tab - Button Testing › Test View Toggle Buttons" classname="enhanced-patient-workspace-orders.test.ts" time="11.714">
<failure message="enhanced-patient-workspace-orders.test.ts:160:3 Test View Toggle Buttons" type="FAILURE">
<![CDATA[  [Tablet Chrome] › enhanced-patient-workspace-orders.test.ts:160:3 › Enhanced Patient Workspace Orders Tab - Button Testing › Test View Toggle Buttons 

    TimeoutError: page.waitForSelector: Timeout 10000ms exceeded.
    Call log:
      - waiting for locator('[data-testid="orders-tab"], .tabs-content, [role="tabpanel"]') to be visible


      10 |     
      11 |     // Wait for the orders tab to be visible
    > 12 |     await page.waitForSelector('[data-testid="orders-tab"], .tabs-content, [role="tabpanel"]', { timeout: 10000 });
         |                ^
      13 |   });
      14 |
      15 |   test('Test Prescription Action Buttons', async ({ page }) => {
        at /Users/lacbis/Med flow/medi-flow-b920c902/src/tests/e2e/enhanced-patient-workspace-orders.test.ts:12:16

    attachment #1: screenshot (image/png) ──────────────────────────────────────────────────────────
    ../../../test-results/enhanced-patient-workspace-64b12-ng-Test-View-Toggle-Buttons-Tablet-Chrome/test-failed-1.png
    ────────────────────────────────────────────────────────────────────────────────────────────────

    attachment #2: video (video/webm) ──────────────────────────────────────────────────────────────
    ../../../test-results/enhanced-patient-workspace-64b12-ng-Test-View-Toggle-Buttons-Tablet-Chrome/video.webm
    ────────────────────────────────────────────────────────────────────────────────────────────────

    Error Context: ../../../test-results/enhanced-patient-workspace-64b12-ng-Test-View-Toggle-Buttons-Tablet-Chrome/error-context.md
]]>
</failure>
<system-out>
<![CDATA[
[[ATTACHMENT|test-results/enhanced-patient-workspace-64b12-ng-Test-View-Toggle-Buttons-Tablet-Chrome/test-failed-1.png]]

[[ATTACHMENT|test-results/enhanced-patient-workspace-64b12-ng-Test-View-Toggle-Buttons-Tablet-Chrome/video.webm]]

[[ATTACHMENT|test-results/enhanced-patient-workspace-64b12-ng-Test-View-Toggle-Buttons-Tablet-Chrome/error-context.md]]
]]>
</system-out>
</testcase>
<testcase name="Enhanced Patient Workspace Orders Tab - Button Testing › Test Status Filter Buttons" classname="enhanced-patient-workspace-orders.test.ts" time="0.631">
<failure message="enhanced-patient-workspace-orders.test.ts:169:3 Test Status Filter Buttons" type="FAILURE">
<![CDATA[  [Tablet Chrome] › enhanced-patient-workspace-orders.test.ts:169:3 › Enhanced Patient Workspace Orders Tab - Button Testing › Test Status Filter Buttons 

    Error: page.waitForLoadState: Target page, context or browser has been closed

       7 |     
       8 |     // Wait for the page to load
    >  9 |     await page.waitForLoadState('networkidle');
         |                ^
      10 |     
      11 |     // Wait for the orders tab to be visible
      12 |     await page.waitForSelector('[data-testid="orders-tab"], .tabs-content, [role="tabpanel"]', { timeout: 10000 });
        at /Users/lacbis/Med flow/medi-flow-b920c902/src/tests/e2e/enhanced-patient-workspace-orders.test.ts:9:16

    attachment #1: video (video/webm) ──────────────────────────────────────────────────────────────
    ../../../test-results/enhanced-patient-workspace-cde49--Test-Status-Filter-Buttons-Tablet-Chrome/video.webm
    ────────────────────────────────────────────────────────────────────────────────────────────────
]]>
</failure>
<system-out>
<![CDATA[
[[ATTACHMENT|test-results/enhanced-patient-workspace-cde49--Test-Status-Filter-Buttons-Tablet-Chrome/video.webm]]
]]>
</system-out>
</testcase>
<testcase name="Enhanced Patient Workspace Orders Tab - Button Testing › Test Search and Filter Buttons" classname="enhanced-patient-workspace-orders.test.ts" time="11.925">
<failure message="enhanced-patient-workspace-orders.test.ts:178:3 Test Search and Filter Buttons" type="FAILURE">
<![CDATA[  [Tablet Chrome] › enhanced-patient-workspace-orders.test.ts:178:3 › Enhanced Patient Workspace Orders Tab - Button Testing › Test Search and Filter Buttons 

    TimeoutError: page.waitForSelector: Timeout 10000ms exceeded.
    Call log:
      - waiting for locator('[data-testid="orders-tab"], .tabs-content, [role="tabpanel"]') to be visible


      10 |     
      11 |     // Wait for the orders tab to be visible
    > 12 |     await page.waitForSelector('[data-testid="orders-tab"], .tabs-content, [role="tabpanel"]', { timeout: 10000 });
         |                ^
      13 |   });
      14 |
      15 |   test('Test Prescription Action Buttons', async ({ page }) => {
        at /Users/lacbis/Med flow/medi-flow-b920c902/src/tests/e2e/enhanced-patient-workspace-orders.test.ts:12:16

    attachment #1: screenshot (image/png) ──────────────────────────────────────────────────────────
    ../../../test-results/enhanced-patient-workspace-fef1d-t-Search-and-Filter-Buttons-Tablet-Chrome/test-failed-1.png
    ────────────────────────────────────────────────────────────────────────────────────────────────

    attachment #2: video (video/webm) ──────────────────────────────────────────────────────────────
    ../../../test-results/enhanced-patient-workspace-fef1d-t-Search-and-Filter-Buttons-Tablet-Chrome/video.webm
    ────────────────────────────────────────────────────────────────────────────────────────────────

    Error Context: ../../../test-results/enhanced-patient-workspace-fef1d-t-Search-and-Filter-Buttons-Tablet-Chrome/error-context.md
]]>
</failure>
<system-out>
<![CDATA[
[[ATTACHMENT|test-results/enhanced-patient-workspace-fef1d-t-Search-and-Filter-Buttons-Tablet-Chrome/test-failed-1.png]]

[[ATTACHMENT|test-results/enhanced-patient-workspace-fef1d-t-Search-and-Filter-Buttons-Tablet-Chrome/video.webm]]

[[ATTACHMENT|test-results/enhanced-patient-workspace-fef1d-t-Search-and-Filter-Buttons-Tablet-Chrome/error-context.md]]
]]>
</system-out>
</testcase>
<testcase name="Enhanced Patient Workspace Orders Tab - Button Testing › Test All Interactive Elements" classname="enhanced-patient-workspace-orders.test.ts" time="11.87">
<failure message="enhanced-patient-workspace-orders.test.ts:195:3 Test All Interactive Elements" type="FAILURE">
<![CDATA[  [Tablet Chrome] › enhanced-patient-workspace-orders.test.ts:195:3 › Enhanced Patient Workspace Orders Tab - Button Testing › Test All Interactive Elements 

    TimeoutError: page.waitForSelector: Timeout 10000ms exceeded.
    Call log:
      - waiting for locator('[data-testid="orders-tab"], .tabs-content, [role="tabpanel"]') to be visible


      10 |     
      11 |     // Wait for the orders tab to be visible
    > 12 |     await page.waitForSelector('[data-testid="orders-tab"], .tabs-content, [role="tabpanel"]', { timeout: 10000 });
         |                ^
      13 |   });
      14 |
      15 |   test('Test Prescription Action Buttons', async ({ page }) => {
        at /Users/lacbis/Med flow/medi-flow-b920c902/src/tests/e2e/enhanced-patient-workspace-orders.test.ts:12:16

    attachment #1: screenshot (image/png) ──────────────────────────────────────────────────────────
    ../../../test-results/enhanced-patient-workspace-ade19-st-All-Interactive-Elements-Tablet-Chrome/test-failed-1.png
    ────────────────────────────────────────────────────────────────────────────────────────────────

    attachment #2: video (video/webm) ──────────────────────────────────────────────────────────────
    ../../../test-results/enhanced-patient-workspace-ade19-st-All-Interactive-Elements-Tablet-Chrome/video.webm
    ────────────────────────────────────────────────────────────────────────────────────────────────

    Error Context: ../../../test-results/enhanced-patient-workspace-ade19-st-All-Interactive-Elements-Tablet-Chrome/error-context.md
]]>
</failure>
<system-out>
<![CDATA[
[[ATTACHMENT|test-results/enhanced-patient-workspace-ade19-st-All-Interactive-Elements-Tablet-Chrome/test-failed-1.png]]

[[ATTACHMENT|test-results/enhanced-patient-workspace-ade19-st-All-Interactive-Elements-Tablet-Chrome/video.webm]]

[[ATTACHMENT|test-results/enhanced-patient-workspace-ade19-st-All-Interactive-Elements-Tablet-Chrome/error-context.md]]
]]>
</system-out>
</testcase>
</testsuite>
<testsuite name="enhanced-patient-workspace-orders.test.ts" timestamp="2025-10-18T13:47:43.230Z" hostname="Microsoft Edge" tests="10" failures="10" skipped="0" time="0.012" errors="0">
<testcase name="Enhanced Patient Workspace Orders Tab - Button Testing › Test Prescription Action Buttons" classname="enhanced-patient-workspace-orders.test.ts" time="0.003">
<failure message="enhanced-patient-workspace-orders.test.ts:15:3 Test Prescription Action Buttons" type="FAILURE">
<![CDATA[  [Microsoft Edge] › enhanced-patient-workspace-orders.test.ts:15:3 › Enhanced Patient Workspace Orders Tab - Button Testing › Test Prescription Action Buttons 

    Error: browserType.launch: Chromium distribution 'msedge' is not found at /Applications/Microsoft Edge.app/Contents/MacOS/Microsoft Edge
    Run "npx playwright install msedge"
]]>
</failure>
</testcase>
<testcase name="Enhanced Patient Workspace Orders Tab - Button Testing › Test Lab Order Action Buttons" classname="enhanced-patient-workspace-orders.test.ts" time="0.001">
<failure message="enhanced-patient-workspace-orders.test.ts:50:3 Test Lab Order Action Buttons" type="FAILURE">
<![CDATA[  [Microsoft Edge] › enhanced-patient-workspace-orders.test.ts:50:3 › Enhanced Patient Workspace Orders Tab - Button Testing › Test Lab Order Action Buttons 

    Error: browserType.launch: Chromium distribution 'msedge' is not found at /Applications/Microsoft Edge.app/Contents/MacOS/Microsoft Edge
    Run "npx playwright install msedge"
]]>
</failure>
</testcase>
<testcase name="Enhanced Patient Workspace Orders Tab - Button Testing › Test Workspace Navigation Buttons" classname="enhanced-patient-workspace-orders.test.ts" time="0.001">
<failure message="enhanced-patient-workspace-orders.test.ts:83:3 Test Workspace Navigation Buttons" type="FAILURE">
<![CDATA[  [Microsoft Edge] › enhanced-patient-workspace-orders.test.ts:83:3 › Enhanced Patient Workspace Orders Tab - Button Testing › Test Workspace Navigation Buttons 

    Error: browserType.launch: Chromium distribution 'msedge' is not found at /Applications/Microsoft Edge.app/Contents/MacOS/Microsoft Edge
    Run "npx playwright install msedge"
]]>
</failure>
</testcase>
<testcase name="Enhanced Patient Workspace Orders Tab - Button Testing › Test Quick Action Buttons" classname="enhanced-patient-workspace-orders.test.ts" time="0.001">
<failure message="enhanced-patient-workspace-orders.test.ts:102:3 Test Quick Action Buttons" type="FAILURE">
<![CDATA[  [Microsoft Edge] › enhanced-patient-workspace-orders.test.ts:102:3 › Enhanced Patient Workspace Orders Tab - Button Testing › Test Quick Action Buttons 

    Error: browserType.launch: Chromium distribution 'msedge' is not found at /Applications/Microsoft Edge.app/Contents/MacOS/Microsoft Edge
    Run "npx playwright install msedge"
]]>
</failure>
</testcase>
<testcase name="Enhanced Patient Workspace Orders Tab - Button Testing › Test Patient Summary Action Buttons" classname="enhanced-patient-workspace-orders.test.ts" time="0.001">
<failure message="enhanced-patient-workspace-orders.test.ts:125:3 Test Patient Summary Action Buttons" type="FAILURE">
<![CDATA[  [Microsoft Edge] › enhanced-patient-workspace-orders.test.ts:125:3 › Enhanced Patient Workspace Orders Tab - Button Testing › Test Patient Summary Action Buttons 

    Error: browserType.launch: Chromium distribution 'msedge' is not found at /Applications/Microsoft Edge.app/Contents/MacOS/Microsoft Edge
    Run "npx playwright install msedge"
]]>
</failure>
</testcase>
<testcase name="Enhanced Patient Workspace Orders Tab - Button Testing › Test Add New Buttons" classname="enhanced-patient-workspace-orders.test.ts" time="0.001">
<failure message="enhanced-patient-workspace-orders.test.ts:142:3 Test Add New Buttons" type="FAILURE">
<![CDATA[  [Microsoft Edge] › enhanced-patient-workspace-orders.test.ts:142:3 › Enhanced Patient Workspace Orders Tab - Button Testing › Test Add New Buttons 

    Error: browserType.launch: Chromium distribution 'msedge' is not found at /Applications/Microsoft Edge.app/Contents/MacOS/Microsoft Edge
    Run "npx playwright install msedge"
]]>
</failure>
</testcase>
<testcase name="Enhanced Patient Workspace Orders Tab - Button Testing › Test View Toggle Buttons" classname="enhanced-patient-workspace-orders.test.ts" time="0.001">
<failure message="enhanced-patient-workspace-orders.test.ts:160:3 Test View Toggle Buttons" type="FAILURE">
<![CDATA[  [Microsoft Edge] › enhanced-patient-workspace-orders.test.ts:160:3 › Enhanced Patient Workspace Orders Tab - Button Testing › Test View Toggle Buttons 

    Error: browserType.launch: Chromium distribution 'msedge' is not found at /Applications/Microsoft Edge.app/Contents/MacOS/Microsoft Edge
    Run "npx playwright install msedge"
]]>
</failure>
</testcase>
<testcase name="Enhanced Patient Workspace Orders Tab - Button Testing › Test Status Filter Buttons" classname="enhanced-patient-workspace-orders.test.ts" time="0.001">
<failure message="enhanced-patient-workspace-orders.test.ts:169:3 Test Status Filter Buttons" type="FAILURE">
<![CDATA[  [Microsoft Edge] › enhanced-patient-workspace-orders.test.ts:169:3 › Enhanced Patient Workspace Orders Tab - Button Testing › Test Status Filter Buttons 

    Error: browserType.launch: Chromium distribution 'msedge' is not found at /Applications/Microsoft Edge.app/Contents/MacOS/Microsoft Edge
    Run "npx playwright install msedge"
]]>
</failure>
</testcase>
<testcase name="Enhanced Patient Workspace Orders Tab - Button Testing › Test Search and Filter Buttons" classname="enhanced-patient-workspace-orders.test.ts" time="0.001">
<failure message="enhanced-patient-workspace-orders.test.ts:178:3 Test Search and Filter Buttons" type="FAILURE">
<![CDATA[  [Microsoft Edge] › enhanced-patient-workspace-orders.test.ts:178:3 › Enhanced Patient Workspace Orders Tab - Button Testing › Test Search and Filter Buttons 

    Error: browserType.launch: Chromium distribution 'msedge' is not found at /Applications/Microsoft Edge.app/Contents/MacOS/Microsoft Edge
    Run "npx playwright install msedge"
]]>
</failure>
</testcase>
<testcase name="Enhanced Patient Workspace Orders Tab - Button Testing › Test All Interactive Elements" classname="enhanced-patient-workspace-orders.test.ts" time="0.001">
<failure message="enhanced-patient-workspace-orders.test.ts:195:3 Test All Interactive Elements" type="FAILURE">
<![CDATA[  [Microsoft Edge] › enhanced-patient-workspace-orders.test.ts:195:3 › Enhanced Patient Workspace Orders Tab - Button Testing › Test All Interactive Elements 

    Error: browserType.launch: Chromium distribution 'msedge' is not found at /Applications/Microsoft Edge.app/Contents/MacOS/Microsoft Edge
    Run "npx playwright install msedge"
]]>
</failure>
</testcase>
</testsuite>
<testsuite name="enhanced-patient-workspace-orders.test.ts" timestamp="2025-10-18T13:47:43.230Z" hostname="Google Chrome" tests="10" failures="10" skipped="0" time="120.601" errors="0">
<testcase name="Enhanced Patient Workspace Orders Tab - Button Testing › Test Prescription Action Buttons" classname="enhanced-patient-workspace-orders.test.ts" time="12.194">
<failure message="enhanced-patient-workspace-orders.test.ts:15:3 Test Prescription Action Buttons" type="FAILURE">
<![CDATA[  [Google Chrome] › enhanced-patient-workspace-orders.test.ts:15:3 › Enhanced Patient Workspace Orders Tab - Button Testing › Test Prescription Action Buttons 

    TimeoutError: page.waitForSelector: Timeout 10000ms exceeded.
    Call log:
      - waiting for locator('[data-testid="orders-tab"], .tabs-content, [role="tabpanel"]') to be visible


      10 |     
      11 |     // Wait for the orders tab to be visible
    > 12 |     await page.waitForSelector('[data-testid="orders-tab"], .tabs-content, [role="tabpanel"]', { timeout: 10000 });
         |                ^
      13 |   });
      14 |
      15 |   test('Test Prescription Action Buttons', async ({ page }) => {
        at /Users/lacbis/Med flow/medi-flow-b920c902/src/tests/e2e/enhanced-patient-workspace-orders.test.ts:12:16

    attachment #1: screenshot (image/png) ──────────────────────────────────────────────────────────
    ../../../test-results/enhanced-patient-workspace-20c82-Prescription-Action-Buttons-Google-Chrome/test-failed-1.png
    ────────────────────────────────────────────────────────────────────────────────────────────────

    attachment #2: video (video/webm) ──────────────────────────────────────────────────────────────
    ../../../test-results/enhanced-patient-workspace-20c82-Prescription-Action-Buttons-Google-Chrome/video.webm
    ────────────────────────────────────────────────────────────────────────────────────────────────

    Error Context: ../../../test-results/enhanced-patient-workspace-20c82-Prescription-Action-Buttons-Google-Chrome/error-context.md
]]>
</failure>
<system-out>
<![CDATA[
[[ATTACHMENT|test-results/enhanced-patient-workspace-20c82-Prescription-Action-Buttons-Google-Chrome/test-failed-1.png]]

[[ATTACHMENT|test-results/enhanced-patient-workspace-20c82-Prescription-Action-Buttons-Google-Chrome/video.webm]]

[[ATTACHMENT|test-results/enhanced-patient-workspace-20c82-Prescription-Action-Buttons-Google-Chrome/error-context.md]]
]]>
</system-out>
</testcase>
<testcase name="Enhanced Patient Workspace Orders Tab - Button Testing › Test Lab Order Action Buttons" classname="enhanced-patient-workspace-orders.test.ts" time="12.174">
<failure message="enhanced-patient-workspace-orders.test.ts:50:3 Test Lab Order Action Buttons" type="FAILURE">
<![CDATA[  [Google Chrome] › enhanced-patient-workspace-orders.test.ts:50:3 › Enhanced Patient Workspace Orders Tab - Button Testing › Test Lab Order Action Buttons 

    TimeoutError: page.waitForSelector: Timeout 10000ms exceeded.
    Call log:
      - waiting for locator('[data-testid="orders-tab"], .tabs-content, [role="tabpanel"]') to be visible


      10 |     
      11 |     // Wait for the orders tab to be visible
    > 12 |     await page.waitForSelector('[data-testid="orders-tab"], .tabs-content, [role="tabpanel"]', { timeout: 10000 });
         |                ^
      13 |   });
      14 |
      15 |   test('Test Prescription Action Buttons', async ({ page }) => {
        at /Users/lacbis/Med flow/medi-flow-b920c902/src/tests/e2e/enhanced-patient-workspace-orders.test.ts:12:16

    attachment #1: screenshot (image/png) ──────────────────────────────────────────────────────────
    ../../../test-results/enhanced-patient-workspace-95f2c-st-Lab-Order-Action-Buttons-Google-Chrome/test-failed-1.png
    ────────────────────────────────────────────────────────────────────────────────────────────────

    attachment #2: video (video/webm) ──────────────────────────────────────────────────────────────
    ../../../test-results/enhanced-patient-workspace-95f2c-st-Lab-Order-Action-Buttons-Google-Chrome/video.webm
    ────────────────────────────────────────────────────────────────────────────────────────────────

    Error Context: ../../../test-results/enhanced-patient-workspace-95f2c-st-Lab-Order-Action-Buttons-Google-Chrome/error-context.md
]]>
</failure>
<system-out>
<![CDATA[
[[ATTACHMENT|test-results/enhanced-patient-workspace-95f2c-st-Lab-Order-Action-Buttons-Google-Chrome/test-failed-1.png]]

[[ATTACHMENT|test-results/enhanced-patient-workspace-95f2c-st-Lab-Order-Action-Buttons-Google-Chrome/video.webm]]

[[ATTACHMENT|test-results/enhanced-patient-workspace-95f2c-st-Lab-Order-Action-Buttons-Google-Chrome/error-context.md]]
]]>
</system-out>
</testcase>
<testcase name="Enhanced Patient Workspace Orders Tab - Button Testing › Test Workspace Navigation Buttons" classname="enhanced-patient-workspace-orders.test.ts" time="12.299">
<failure message="enhanced-patient-workspace-orders.test.ts:83:3 Test Workspace Navigation Buttons" type="FAILURE">
<![CDATA[  [Google Chrome] › enhanced-patient-workspace-orders.test.ts:83:3 › Enhanced Patient Workspace Orders Tab - Button Testing › Test Workspace Navigation Buttons 

    TimeoutError: page.waitForSelector: Timeout 10000ms exceeded.
    Call log:
      - waiting for locator('[data-testid="orders-tab"], .tabs-content, [role="tabpanel"]') to be visible


      10 |     
      11 |     // Wait for the orders tab to be visible
    > 12 |     await page.waitForSelector('[data-testid="orders-tab"], .tabs-content, [role="tabpanel"]', { timeout: 10000 });
         |                ^
      13 |   });
      14 |
      15 |   test('Test Prescription Action Buttons', async ({ page }) => {
        at /Users/lacbis/Med flow/medi-flow-b920c902/src/tests/e2e/enhanced-patient-workspace-orders.test.ts:12:16

    attachment #1: screenshot (image/png) ──────────────────────────────────────────────────────────
    ../../../test-results/enhanced-patient-workspace-f7824-orkspace-Navigation-Buttons-Google-Chrome/test-failed-1.png
    ────────────────────────────────────────────────────────────────────────────────────────────────

    attachment #2: video (video/webm) ──────────────────────────────────────────────────────────────
    ../../../test-results/enhanced-patient-workspace-f7824-orkspace-Navigation-Buttons-Google-Chrome/video.webm
    ────────────────────────────────────────────────────────────────────────────────────────────────

    Error Context: ../../../test-results/enhanced-patient-workspace-f7824-orkspace-Navigation-Buttons-Google-Chrome/error-context.md
]]>
</failure>
<system-out>
<![CDATA[
[[ATTACHMENT|test-results/enhanced-patient-workspace-f7824-orkspace-Navigation-Buttons-Google-Chrome/test-failed-1.png]]

[[ATTACHMENT|test-results/enhanced-patient-workspace-f7824-orkspace-Navigation-Buttons-Google-Chrome/video.webm]]

[[ATTACHMENT|test-results/enhanced-patient-workspace-f7824-orkspace-Navigation-Buttons-Google-Chrome/error-context.md]]
]]>
</system-out>
</testcase>
<testcase name="Enhanced Patient Workspace Orders Tab - Button Testing › Test Quick Action Buttons" classname="enhanced-patient-workspace-orders.test.ts" time="11.995">
<failure message="enhanced-patient-workspace-orders.test.ts:102:3 Test Quick Action Buttons" type="FAILURE">
<![CDATA[  [Google Chrome] › enhanced-patient-workspace-orders.test.ts:102:3 › Enhanced Patient Workspace Orders Tab - Button Testing › Test Quick Action Buttons 

    TimeoutError: page.waitForSelector: Timeout 10000ms exceeded.
    Call log:
      - waiting for locator('[data-testid="orders-tab"], .tabs-content, [role="tabpanel"]') to be visible


      10 |     
      11 |     // Wait for the orders tab to be visible
    > 12 |     await page.waitForSelector('[data-testid="orders-tab"], .tabs-content, [role="tabpanel"]', { timeout: 10000 });
         |                ^
      13 |   });
      14 |
      15 |   test('Test Prescription Action Buttons', async ({ page }) => {
        at /Users/lacbis/Med flow/medi-flow-b920c902/src/tests/e2e/enhanced-patient-workspace-orders.test.ts:12:16

    attachment #1: screenshot (image/png) ──────────────────────────────────────────────────────────
    ../../../test-results/enhanced-patient-workspace-f48f8-g-Test-Quick-Action-Buttons-Google-Chrome/test-failed-1.png
    ────────────────────────────────────────────────────────────────────────────────────────────────

    attachment #2: video (video/webm) ──────────────────────────────────────────────────────────────
    ../../../test-results/enhanced-patient-workspace-f48f8-g-Test-Quick-Action-Buttons-Google-Chrome/video.webm
    ────────────────────────────────────────────────────────────────────────────────────────────────

    Error Context: ../../../test-results/enhanced-patient-workspace-f48f8-g-Test-Quick-Action-Buttons-Google-Chrome/error-context.md
]]>
</failure>
<system-out>
<![CDATA[
[[ATTACHMENT|test-results/enhanced-patient-workspace-f48f8-g-Test-Quick-Action-Buttons-Google-Chrome/test-failed-1.png]]

[[ATTACHMENT|test-results/enhanced-patient-workspace-f48f8-g-Test-Quick-Action-Buttons-Google-Chrome/video.webm]]

[[ATTACHMENT|test-results/enhanced-patient-workspace-f48f8-g-Test-Quick-Action-Buttons-Google-Chrome/error-context.md]]
]]>
</system-out>
</testcase>
<testcase name="Enhanced Patient Workspace Orders Tab - Button Testing › Test Patient Summary Action Buttons" classname="enhanced-patient-workspace-orders.test.ts" time="12.205">
<failure message="enhanced-patient-workspace-orders.test.ts:125:3 Test Patient Summary Action Buttons" type="FAILURE">
<![CDATA[  [Google Chrome] › enhanced-patient-workspace-orders.test.ts:125:3 › Enhanced Patient Workspace Orders Tab - Button Testing › Test Patient Summary Action Buttons 

    TimeoutError: page.waitForSelector: Timeout 10000ms exceeded.
    Call log:
      - waiting for locator('[data-testid="orders-tab"], .tabs-content, [role="tabpanel"]') to be visible


      10 |     
      11 |     // Wait for the orders tab to be visible
    > 12 |     await page.waitForSelector('[data-testid="orders-tab"], .tabs-content, [role="tabpanel"]', { timeout: 10000 });
         |                ^
      13 |   });
      14 |
      15 |   test('Test Prescription Action Buttons', async ({ page }) => {
        at /Users/lacbis/Med flow/medi-flow-b920c902/src/tests/e2e/enhanced-patient-workspace-orders.test.ts:12:16

    attachment #1: screenshot (image/png) ──────────────────────────────────────────────────────────
    ../../../test-results/enhanced-patient-workspace-af0f7-ient-Summary-Action-Buttons-Google-Chrome/test-failed-1.png
    ────────────────────────────────────────────────────────────────────────────────────────────────

    attachment #2: video (video/webm) ──────────────────────────────────────────────────────────────
    ../../../test-results/enhanced-patient-workspace-af0f7-ient-Summary-Action-Buttons-Google-Chrome/video.webm
    ────────────────────────────────────────────────────────────────────────────────────────────────

    Error Context: ../../../test-results/enhanced-patient-workspace-af0f7-ient-Summary-Action-Buttons-Google-Chrome/error-context.md
]]>
</failure>
<system-out>
<![CDATA[
[[ATTACHMENT|test-results/enhanced-patient-workspace-af0f7-ient-Summary-Action-Buttons-Google-Chrome/test-failed-1.png]]

[[ATTACHMENT|test-results/enhanced-patient-workspace-af0f7-ient-Summary-Action-Buttons-Google-Chrome/video.webm]]

[[ATTACHMENT|test-results/enhanced-patient-workspace-af0f7-ient-Summary-Action-Buttons-Google-Chrome/error-context.md]]
]]>
</system-out>
</testcase>
<testcase name="Enhanced Patient Workspace Orders Tab - Button Testing › Test Add New Buttons" classname="enhanced-patient-workspace-orders.test.ts" time="12.058">
<failure message="enhanced-patient-workspace-orders.test.ts:142:3 Test Add New Buttons" type="FAILURE">
<![CDATA[  [Google Chrome] › enhanced-patient-workspace-orders.test.ts:142:3 › Enhanced Patient Workspace Orders Tab - Button Testing › Test Add New Buttons 

    TimeoutError: page.waitForSelector: Timeout 10000ms exceeded.
    Call log:
      - waiting for locator('[data-testid="orders-tab"], .tabs-content, [role="tabpanel"]') to be visible


      10 |     
      11 |     // Wait for the orders tab to be visible
    > 12 |     await page.waitForSelector('[data-testid="orders-tab"], .tabs-content, [role="tabpanel"]', { timeout: 10000 });
         |                ^
      13 |   });
      14 |
      15 |   test('Test Prescription Action Buttons', async ({ page }) => {
        at /Users/lacbis/Med flow/medi-flow-b920c902/src/tests/e2e/enhanced-patient-workspace-orders.test.ts:12:16

    attachment #1: screenshot (image/png) ──────────────────────────────────────────────────────────
    ../../../test-results/enhanced-patient-workspace-5d15e-esting-Test-Add-New-Buttons-Google-Chrome/test-failed-1.png
    ────────────────────────────────────────────────────────────────────────────────────────────────

    attachment #2: video (video/webm) ──────────────────────────────────────────────────────────────
    ../../../test-results/enhanced-patient-workspace-5d15e-esting-Test-Add-New-Buttons-Google-Chrome/video.webm
    ────────────────────────────────────────────────────────────────────────────────────────────────

    Error Context: ../../../test-results/enhanced-patient-workspace-5d15e-esting-Test-Add-New-Buttons-Google-Chrome/error-context.md
]]>
</failure>
<system-out>
<![CDATA[
[[ATTACHMENT|test-results/enhanced-patient-workspace-5d15e-esting-Test-Add-New-Buttons-Google-Chrome/test-failed-1.png]]

[[ATTACHMENT|test-results/enhanced-patient-workspace-5d15e-esting-Test-Add-New-Buttons-Google-Chrome/video.webm]]

[[ATTACHMENT|test-results/enhanced-patient-workspace-5d15e-esting-Test-Add-New-Buttons-Google-Chrome/error-context.md]]
]]>
</system-out>
</testcase>
<testcase name="Enhanced Patient Workspace Orders Tab - Button Testing › Test View Toggle Buttons" classname="enhanced-patient-workspace-orders.test.ts" time="12.028">
<failure message="enhanced-patient-workspace-orders.test.ts:160:3 Test View Toggle Buttons" type="FAILURE">
<![CDATA[  [Google Chrome] › enhanced-patient-workspace-orders.test.ts:160:3 › Enhanced Patient Workspace Orders Tab - Button Testing › Test View Toggle Buttons 

    TimeoutError: page.waitForSelector: Timeout 10000ms exceeded.
    Call log:
      - waiting for locator('[data-testid="orders-tab"], .tabs-content, [role="tabpanel"]') to be visible


      10 |     
      11 |     // Wait for the orders tab to be visible
    > 12 |     await page.waitForSelector('[data-testid="orders-tab"], .tabs-content, [role="tabpanel"]', { timeout: 10000 });
         |                ^
      13 |   });
      14 |
      15 |   test('Test Prescription Action Buttons', async ({ page }) => {
        at /Users/lacbis/Med flow/medi-flow-b920c902/src/tests/e2e/enhanced-patient-workspace-orders.test.ts:12:16

    attachment #1: screenshot (image/png) ──────────────────────────────────────────────────────────
    ../../../test-results/enhanced-patient-workspace-64b12-ng-Test-View-Toggle-Buttons-Google-Chrome/test-failed-1.png
    ────────────────────────────────────────────────────────────────────────────────────────────────

    attachment #2: video (video/webm) ──────────────────────────────────────────────────────────────
    ../../../test-results/enhanced-patient-workspace-64b12-ng-Test-View-Toggle-Buttons-Google-Chrome/video.webm
    ────────────────────────────────────────────────────────────────────────────────────────────────

    Error Context: ../../../test-results/enhanced-patient-workspace-64b12-ng-Test-View-Toggle-Buttons-Google-Chrome/error-context.md
]]>
</failure>
<system-out>
<![CDATA[
[[ATTACHMENT|test-results/enhanced-patient-workspace-64b12-ng-Test-View-Toggle-Buttons-Google-Chrome/test-failed-1.png]]

[[ATTACHMENT|test-results/enhanced-patient-workspace-64b12-ng-Test-View-Toggle-Buttons-Google-Chrome/video.webm]]

[[ATTACHMENT|test-results/enhanced-patient-workspace-64b12-ng-Test-View-Toggle-Buttons-Google-Chrome/error-context.md]]
]]>
</system-out>
</testcase>
<testcase name="Enhanced Patient Workspace Orders Tab - Button Testing › Test Status Filter Buttons" classname="enhanced-patient-workspace-orders.test.ts" time="12.09">
<failure message="enhanced-patient-workspace-orders.test.ts:169:3 Test Status Filter Buttons" type="FAILURE">
<![CDATA[  [Google Chrome] › enhanced-patient-workspace-orders.test.ts:169:3 › Enhanced Patient Workspace Orders Tab - Button Testing › Test Status Filter Buttons 

    TimeoutError: page.waitForSelector: Timeout 10000ms exceeded.
    Call log:
      - waiting for locator('[data-testid="orders-tab"], .tabs-content, [role="tabpanel"]') to be visible


      10 |     
      11 |     // Wait for the orders tab to be visible
    > 12 |     await page.waitForSelector('[data-testid="orders-tab"], .tabs-content, [role="tabpanel"]', { timeout: 10000 });
         |                ^
      13 |   });
      14 |
      15 |   test('Test Prescription Action Buttons', async ({ page }) => {
        at /Users/lacbis/Med flow/medi-flow-b920c902/src/tests/e2e/enhanced-patient-workspace-orders.test.ts:12:16

    attachment #1: screenshot (image/png) ──────────────────────────────────────────────────────────
    ../../../test-results/enhanced-patient-workspace-cde49--Test-Status-Filter-Buttons-Google-Chrome/test-failed-1.png
    ────────────────────────────────────────────────────────────────────────────────────────────────

    attachment #2: video (video/webm) ──────────────────────────────────────────────────────────────
    ../../../test-results/enhanced-patient-workspace-cde49--Test-Status-Filter-Buttons-Google-Chrome/video.webm
    ────────────────────────────────────────────────────────────────────────────────────────────────

    Error Context: ../../../test-results/enhanced-patient-workspace-cde49--Test-Status-Filter-Buttons-Google-Chrome/error-context.md
]]>
</failure>
<system-out>
<![CDATA[
[[ATTACHMENT|test-results/enhanced-patient-workspace-cde49--Test-Status-Filter-Buttons-Google-Chrome/test-failed-1.png]]

[[ATTACHMENT|test-results/enhanced-patient-workspace-cde49--Test-Status-Filter-Buttons-Google-Chrome/video.webm]]

[[ATTACHMENT|test-results/enhanced-patient-workspace-cde49--Test-Status-Filter-Buttons-Google-Chrome/error-context.md]]
]]>
</system-out>
</testcase>
<testcase name="Enhanced Patient Workspace Orders Tab - Button Testing › Test Search and Filter Buttons" classname="enhanced-patient-workspace-orders.test.ts" time="11.828">
<failure message="enhanced-patient-workspace-orders.test.ts:178:3 Test Search and Filter Buttons" type="FAILURE">
<![CDATA[  [Google Chrome] › enhanced-patient-workspace-orders.test.ts:178:3 › Enhanced Patient Workspace Orders Tab - Button Testing › Test Search and Filter Buttons 

    TimeoutError: page.waitForSelector: Timeout 10000ms exceeded.
    Call log:
      - waiting for locator('[data-testid="orders-tab"], .tabs-content, [role="tabpanel"]') to be visible


      10 |     
      11 |     // Wait for the orders tab to be visible
    > 12 |     await page.waitForSelector('[data-testid="orders-tab"], .tabs-content, [role="tabpanel"]', { timeout: 10000 });
         |                ^
      13 |   });
      14 |
      15 |   test('Test Prescription Action Buttons', async ({ page }) => {
        at /Users/lacbis/Med flow/medi-flow-b920c902/src/tests/e2e/enhanced-patient-workspace-orders.test.ts:12:16

    attachment #1: screenshot (image/png) ──────────────────────────────────────────────────────────
    ../../../test-results/enhanced-patient-workspace-fef1d-t-Search-and-Filter-Buttons-Google-Chrome/test-failed-1.png
    ────────────────────────────────────────────────────────────────────────────────────────────────

    attachment #2: video (video/webm) ──────────────────────────────────────────────────────────────
    ../../../test-results/enhanced-patient-workspace-fef1d-t-Search-and-Filter-Buttons-Google-Chrome/video.webm
    ────────────────────────────────────────────────────────────────────────────────────────────────

    Error Context: ../../../test-results/enhanced-patient-workspace-fef1d-t-Search-and-Filter-Buttons-Google-Chrome/error-context.md
]]>
</failure>
<system-out>
<![CDATA[
[[ATTACHMENT|test-results/enhanced-patient-workspace-fef1d-t-Search-and-Filter-Buttons-Google-Chrome/test-failed-1.png]]

[[ATTACHMENT|test-results/enhanced-patient-workspace-fef1d-t-Search-and-Filter-Buttons-Google-Chrome/video.webm]]

[[ATTACHMENT|test-results/enhanced-patient-workspace-fef1d-t-Search-and-Filter-Buttons-Google-Chrome/error-context.md]]
]]>
</system-out>
</testcase>
<testcase name="Enhanced Patient Workspace Orders Tab - Button Testing › Test All Interactive Elements" classname="enhanced-patient-workspace-orders.test.ts" time="11.73">
<failure message="enhanced-patient-workspace-orders.test.ts:195:3 Test All Interactive Elements" type="FAILURE">
<![CDATA[  [Google Chrome] › enhanced-patient-workspace-orders.test.ts:195:3 › Enhanced Patient Workspace Orders Tab - Button Testing › Test All Interactive Elements 

    TimeoutError: page.waitForSelector: Timeout 10000ms exceeded.
    Call log:
      - waiting for locator('[data-testid="orders-tab"], .tabs-content, [role="tabpanel"]') to be visible


      10 |     
      11 |     // Wait for the orders tab to be visible
    > 12 |     await page.waitForSelector('[data-testid="orders-tab"], .tabs-content, [role="tabpanel"]', { timeout: 10000 });
         |                ^
      13 |   });
      14 |
      15 |   test('Test Prescription Action Buttons', async ({ page }) => {
        at /Users/lacbis/Med flow/medi-flow-b920c902/src/tests/e2e/enhanced-patient-workspace-orders.test.ts:12:16

    attachment #1: screenshot (image/png) ──────────────────────────────────────────────────────────
    ../../../test-results/enhanced-patient-workspace-ade19-st-All-Interactive-Elements-Google-Chrome/test-failed-1.png
    ────────────────────────────────────────────────────────────────────────────────────────────────

    attachment #2: video (video/webm) ──────────────────────────────────────────────────────────────
    ../../../test-results/enhanced-patient-workspace-ade19-st-All-Interactive-Elements-Google-Chrome/video.webm
    ────────────────────────────────────────────────────────────────────────────────────────────────

    Error Context: ../../../test-results/enhanced-patient-workspace-ade19-st-All-Interactive-Elements-Google-Chrome/error-context.md
]]>
</failure>
<system-out>
<![CDATA[
[[ATTACHMENT|test-results/enhanced-patient-workspace-ade19-st-All-Interactive-Elements-Google-Chrome/test-failed-1.png]]

[[ATTACHMENT|test-results/enhanced-patient-workspace-ade19-st-All-Interactive-Elements-Google-Chrome/video.webm]]

[[ATTACHMENT|test-results/enhanced-patient-workspace-ade19-st-All-Interactive-Elements-Google-Chrome/error-context.md]]
]]>
</system-out>
</testcase>
</testsuite>
</testsuites>